******************************************************************************
                  MSP430 Linker PC v18.1.4                     
******************************************************************************
>> Linked Sat May  4 08:12:23 2019

OUTPUT FILE NAME:   <LCD.out>
ENTRY POINT SYMBOL: "_c_int00_noargs"  address: 0000cb2a


MEMORY CONFIGURATION

         name            origin    length      used     unused   attr    fill
----------------------  --------  ---------  --------  --------  ----  --------
  SFR                   00000000   00000010  00000000  00000010  RWIX
  PERIPHERALS_8BIT      00000010   000000f0  00000000  000000f0  RWIX
  PERIPHERALS_16BIT     00000100   00000100  00000000  00000100  RWIX
  RAM                   00000200   00000200  0000009d  00000163  RWIX
  INFOD                 00001000   00000040  00000000  00000040  RWIX
  INFOC                 00001040   00000040  00000000  00000040  RWIX
  INFOB                 00001080   00000040  00000000  00000040  RWIX
  INFOA                 000010c0   00000040  00000000  00000040  RWIX
  FLASH                 0000c000   00003fde  00000cda  00003304  RWIX
  BSLSIGNATURE          0000ffde   00000002  00000002  00000000  RWIX  ffff 
  INT00                 0000ffe0   00000002  00000002  00000000  RWIX
  INT01                 0000ffe2   00000002  00000000  00000002  RWIX
  INT02                 0000ffe4   00000002  00000002  00000000  RWIX
  INT03                 0000ffe6   00000002  00000002  00000000  RWIX
  INT04                 0000ffe8   00000002  00000000  00000002  RWIX
  INT05                 0000ffea   00000002  00000002  00000000  RWIX
  INT06                 0000ffec   00000002  00000002  00000000  RWIX
  INT07                 0000ffee   00000002  00000002  00000000  RWIX
  INT08                 0000fff0   00000002  00000002  00000000  RWIX
  INT09                 0000fff2   00000002  00000002  00000000  RWIX
  INT10                 0000fff4   00000002  00000002  00000000  RWIX
  INT11                 0000fff6   00000002  00000000  00000002  RWIX
  INT12                 0000fff8   00000002  00000002  00000000  RWIX
  INT13                 0000fffa   00000002  00000002  00000000  RWIX
  INT14                 0000fffc   00000002  00000002  00000000  RWIX
  RESET                 0000fffe   00000002  00000002  00000000  RWIX


SECTION ALLOCATION MAP

 output                                  attributes/
section   page    origin      length       input sections
--------  ----  ----------  ----------   ----------------
.data      0    00000200    0000004d     UNINITIALIZED
                  00000200    00000016     main2.obj (.data:string)
                  00000216    00000010     main2.obj (.data)
                  00000226    0000000a     main2.obj (.data:bet)
                  00000230    0000000a     main2.obj (.data:cash)
                  0000023a    00000003     main2.obj (.data:init0)
                  0000023d    00000001     --HOLE--
                  0000023e    00000003     main2.obj (.data:init1)
                  00000241    00000001     --HOLE--
                  00000242    00000003     main2.obj (.data:init2)
                  00000245    00000001     --HOLE--
                  00000246    00000003     main2.obj (.data:init3)
                  00000249    00000001     --HOLE--
                  0000024a    00000003     main2.obj (.data:init4)

.stack     0    000003b0    00000050     UNINITIALIZED
                  000003b0    00000002     rts430_eabi.lib : boot.c.obj (.stack)
                  000003b2    0000004e     --HOLE--

.text      0    0000c000    00000c3c     
                  0000c000    00000122     main2.obj (.text:main)
                  0000c122    00000116     rts430_eabi.lib : _printfi_min.c.obj (.text:_setfield)
                  0000c238    000000f0                     : _printfi_min.c.obj (.text:__TI_printfi_minimal)
                  0000c328    000000d0     main2.obj (.text:btnSelState)
                  0000c3f8    000000ca     rts430_eabi.lib : _printfi_min.c.obj (.text:_pproc_diouxp)
                  0000c4c2    000000a4     main2.obj (.text:idle)
                  0000c566    0000009e     main2.obj (.text:send)
                  0000c604    0000008a     lcdLib.obj (.text:lcdInit)
                  0000c68e    0000007c     rts430_eabi.lib : copy_decompress_lzss.c.obj (.text:decompress:lzss:__TI_decompress_lzss)
                  0000c70a    0000006e     main2.obj (.text:USCI0RX_ISR)
                  0000c778    0000005c     main2.obj (.text:play)
                  0000c7d4    00000058     main2.obj (.text:port1_ISR)
                  0000c82c    0000004e     lcdLib.obj (.text:lcdSetText)
                  0000c87a    0000004c     rts430_eabi.lib : lsr16.asm.obj (.text)
                  0000c8c6    00000046     lcdLib.obj (.text:lcdWriteCmd)
                  0000c90c    00000046     lcdLib.obj (.text:lcdWriteData)
                  0000c952    00000042     rts430_eabi.lib : autoinit.c.obj (.text:__TI_auto_init_nobinit_nopinit:__TI_auto_init_nobinit_nopinit)
                  0000c994    00000042     main2.obj (.text:btnUpState)
                  0000c9d6    0000003a     main2.obj (.text:btnDwnState)
                  0000ca10    00000038     rts430_eabi.lib : sprintf.c.obj (.text:sprintf)
                  0000ca48    00000034     main2.obj (.text:val)
                  0000ca7c    00000032     lcdLib.obj (.text:lcdSetInt)
                  0000caae    0000002c     rts430_eabi.lib : asr16.asm.obj (.text)
                  0000cada    0000002c                     : lsl16.asm.obj (.text)
                  0000cb06    00000024     main2.obj (.text:setBet)
                  0000cb2a    0000001c     rts430_eabi.lib : boot.c.obj (.text:_c_int00_noargs)
                  0000cb46    0000001a                     : sprintf.c.obj (.text:_outs)
                  0000cb60    0000001a                     : memccpy.c.obj (.text:memccpy)
                  0000cb7a    00000016                     : div16u.asm.obj (.text)
                  0000cb90    00000014                     : memset.c.obj (.text:memset)
                  0000cba4    00000014                     : mult16.asm.obj (.text)
                  0000cbb8    00000012                     : sprintf.c.obj (.text:_outc)
                  0000cbca    00000012                     : copy_decompress_none.c.obj (.text:decompress:none:__TI_decompress_none)
                  0000cbdc    00000012                     : memcpy.c.obj (.text:memcpy)
                  0000cbee    00000010                     : epilog.asm.obj (.text)
                  0000cbfe    0000000e     lcdLib.obj (.text:lcdTriggerEN)
                  0000cc0c    0000000e     rts430_eabi.lib : strlen.c.obj (.text:strlen)
                  0000cc1a    00000008                     : isr_trap.asm.obj (.text:_isr:__TI_ISR_TRAP)
                  0000cc22    00000008     lcdLib.obj (.text:lcdClear)
                  0000cc2a    00000006     main2.obj (.text:USCI0TX_ISR)
                  0000cc30    00000006     rts430_eabi.lib : exit.c.obj (.text:abort)
                  0000cc36    00000004                     : pre_init.c.obj (.text:_system_pre_init)
                  0000cc3a    00000002                     : startup.c.obj (.text:_system_post_cinit)

.const     0    0000cc3c    0000006e     
                  0000cc3c    00000056     main2.obj (.const:.string)
                  0000cc92    00000014     rts430_eabi.lib : _printfi_min.c.obj (.const:.string)
                  0000cca6    00000004     lcdLib.obj (.const:.string)

.cinit     0    0000ccaa    00000030     
                  0000ccaa    00000027     (.cinit..data.load) [load image, compression = lzss]
                  0000ccd1    00000001     --HOLE-- [fill = 0]
                  0000ccd2    00000004     (__TI_handler_table)
                  0000ccd6    00000004     (__TI_cinit_table)

.binit     0    0000c000    00000000     

.init_array 
*          0    0000c000    00000000     UNINITIALIZED

TRAPINT    0    0000ffe0    00000002     
                  0000ffe0    00000002     rts430_eabi.lib : int00.asm.obj (.int00)

PORT1      0    0000ffe4    00000002     
                  0000ffe4    00000002     main2.obj (.int02)

PORT2      0    0000ffe6    00000002     
                  0000ffe6    00000002     rts430_eabi.lib : int03.asm.obj (.int03)

ADC10      0    0000ffea    00000002     
                  0000ffea    00000002     rts430_eabi.lib : int05.asm.obj (.int05)

USCIAB0TX 
*          0    0000ffec    00000002     
                  0000ffec    00000002     main2.obj (.int06)

USCIAB0RX 
*          0    0000ffee    00000002     
                  0000ffee    00000002     main2.obj (.int07)

TIMER0_A1 
*          0    0000fff0    00000002     
                  0000fff0    00000002     rts430_eabi.lib : int08.asm.obj (.int08)

TIMER0_A0 
*          0    0000fff2    00000002     
                  0000fff2    00000002     rts430_eabi.lib : int09.asm.obj (.int09)

WDT        0    0000fff4    00000002     
                  0000fff4    00000002     rts430_eabi.lib : int10.asm.obj (.int10)

TIMER1_A1 
*          0    0000fff8    00000002     
                  0000fff8    00000002     rts430_eabi.lib : int12.asm.obj (.int12)

TIMER1_A0 
*          0    0000fffa    00000002     
                  0000fffa    00000002     rts430_eabi.lib : int13.asm.obj (.int13)

NMI        0    0000fffc    00000002     
                  0000fffc    00000002     rts430_eabi.lib : int14.asm.obj (.int14)

.reset     0    0000fffe    00000002     
                  0000fffe    00000002     rts430_eabi.lib : boot.c.obj (.reset)

$fill000   0    0000ffde    00000002     
                  0000ffde    00000002     --HOLE-- [fill = ffff]

MODULE SUMMARY

       Module                       code   ro data   rw data
       ------                       ----   -------   -------
    .\
       main2.obj                    1328   92        73     
       lcdLib.obj                   428    4         0      
    +--+----------------------------+------+---------+---------+
       Total:                       1756   96        73     
                                                            
    C:\ti\ccsv8\tools\compiler\ti-cgt-msp430_18.1.4.LTS\lib\rts430_eabi.lib
       _printfi_min.c.obj           720    20        0      
       copy_decompress_lzss.c.obj   124    0         0      
       sprintf.c.obj                100    0         0      
       lsr16.asm.obj                76     0         0      
       autoinit.c.obj               66     0         0      
       asr16.asm.obj                44     0         0      
       lsl16.asm.obj                44     0         0      
       boot.c.obj                   28     2         0      
       memccpy.c.obj                26     0         0      
       div16u.asm.obj               22     0         0      
       memset.c.obj                 20     0         0      
       mult16.asm.obj               20     0         0      
       copy_decompress_none.c.obj   18     0         0      
       memcpy.c.obj                 18     0         0      
       epilog.asm.obj               16     0         0      
       strlen.c.obj                 14     0         0      
       isr_trap.asm.obj             8      0         0      
       exit.c.obj                   6      0         0      
       pre_init.c.obj               4      0         0      
       int00.asm.obj                0      2         0      
       int03.asm.obj                0      2         0      
       int05.asm.obj                0      2         0      
       int08.asm.obj                0      2         0      
       int09.asm.obj                0      2         0      
       int10.asm.obj                0      2         0      
       int12.asm.obj                0      2         0      
       int13.asm.obj                0      2         0      
       int14.asm.obj                0      2         0      
       startup.c.obj                2      0         0      
    +--+----------------------------+------+---------+---------+
       Total:                       1376   40        0      
                                                            
       Stack:                       0      0         80     
       Linker Generated:            0      47        0      
    +--+----------------------------+------+---------+---------+
       Grand Total:                 3132   183       153    


LINKER GENERATED COPY TABLES

__TI_cinit_table @ 0000ccd6 records: 1, size/record: 4, table size: 4
	.data: load addr=0000ccaa, load size=00000027 bytes, run addr=00000200, run size=0000004d bytes, compression=lzss


LINKER GENERATED HANDLER TABLE

__TI_handler_table @ 0000ccd2 records: 2, size/record: 2, table size: 4
	index: 0, handler: __TI_decompress_lzss
	index: 1, handler: __TI_decompress_none


GLOBAL SYMBOLS: SORTED ALPHABETICALLY BY Name 

address   name                          
-------   ----                          
0000004a  ADC10AE0                      
000001b0  ADC10CTL0                     
000001b2  ADC10CTL1                     
00000048  ADC10DTC0                     
00000049  ADC10DTC1                     
000001b4  ADC10MEM                      
000001bc  ADC10SA                       
00000057  BCSCTL1                       
00000058  BCSCTL2                       
00000053  BCSCTL3                       
0000cc30  C$$EXIT                       
000010fb  CALBC1_12MHZ                  
000010f9  CALBC1_16MHZ                  
000010ff  CALBC1_1MHZ                   
000010fd  CALBC1_8MHZ                   
000010fa  CALDCO_12MHZ                  
000010f8  CALDCO_16MHZ                  
000010fe  CALDCO_1MHZ                   
000010fc  CALDCO_8MHZ                   
00000056  DCOCTL                        
00000128  FCTL1                         
0000012a  FCTL2                         
0000012c  FCTL3                         
00000000  IE1                           
00000001  IE2                           
00000002  IFG1                          
00000003  IFG2                          
00000022  P1DIR                         
00000025  P1IE                          
00000024  P1IES                         
00000023  P1IFG                         
00000020  P1IN                          
00000021  P1OUT                         
00000027  P1REN                         
00000026  P1SEL                         
00000041  P1SEL2                        
0000002a  P2DIR                         
0000002d  P2IE                          
0000002c  P2IES                         
0000002b  P2IFG                         
00000028  P2IN                          
00000029  P2OUT                         
0000002f  P2REN                         
0000002e  P2SEL                         
00000042  P2SEL2                        
0000001a  P3DIR                         
00000018  P3IN                          
00000019  P3OUT                         
00000010  P3REN                         
0000001b  P3SEL                         
00000043  P3SEL2                        
00000172  TA0CCR0                       
00000174  TA0CCR1                       
00000176  TA0CCR2                       
00000162  TA0CCTL0                      
00000164  TA0CCTL1                      
00000166  TA0CCTL2                      
00000160  TA0CTL                        
0000012e  TA0IV                         
00000170  TA0R                          
00000192  TA1CCR0                       
00000194  TA1CCR1                       
00000196  TA1CCR2                       
00000182  TA1CCTL0                      
00000184  TA1CCTL1                      
00000186  TA1CCTL2                      
00000180  TA1CTL                        
0000011e  TA1IV                         
00000190  TA1R                          
000010db  TLV_ADC10_1_LEN               
000010da  TLV_ADC10_1_TAG               
000010c0  TLV_CHECKSUM                  
000010f7  TLV_DCO_30_LEN                
000010f6  TLV_DCO_30_TAG                
0000005d  UCA0ABCTL                     
00000062  UCA0BR0                       
00000063  UCA0BR1                       
00000060  UCA0CTL0                      
00000061  UCA0CTL1                      
0000005f  UCA0IRRCTL                    
0000005e  UCA0IRTCTL                    
00000064  UCA0MCTL                      
00000066  UCA0RXBUF                     
00000065  UCA0STAT                      
00000067  UCA0TXBUF                     
0000006a  UCB0BR0                       
0000006b  UCB0BR1                       
00000068  UCB0CTL0                      
00000069  UCB0CTL1                      
0000006c  UCB0I2CIE                     
00000118  UCB0I2COA                     
0000011a  UCB0I2CSA                     
0000006e  UCB0RXBUF                     
0000006d  UCB0STAT                      
0000006f  UCB0TXBUF                     
0000c70a  USCI0RX_ISR                   
0000cc2a  USCI0TX_ISR                   
00000120  WDTCTL                        
00000400  __STACK_END                   
00000050  __STACK_SIZE                  
0000ccd6  __TI_CINIT_Base               
0000ccda  __TI_CINIT_Limit              
0000ccd2  __TI_Handler_Table_Base       
0000ccd6  __TI_Handler_Table_Limit      
0000cc1a  __TI_ISR_TRAP                 
0000c952  __TI_auto_init_nobinit_nopinit
0000c68e  __TI_decompress_lzss          
0000cbca  __TI_decompress_none          
0000ffe0  __TI_int00                    
0000ffe4  __TI_int02                    
0000ffe6  __TI_int03                    
0000ffea  __TI_int05                    
0000ffec  __TI_int06                    
0000ffee  __TI_int07                    
0000fff0  __TI_int08                    
0000fff2  __TI_int09                    
0000fff4  __TI_int10                    
0000fff8  __TI_int12                    
0000fffa  __TI_int13                    
0000fffc  __TI_int14                    
ffffffff  __TI_pprof_out_hndl           
0000c238  __TI_printfi_minimal          
ffffffff  __TI_prof_data_size           
ffffffff  __TI_prof_data_start          
ffffffff  __c_args__                    
0000cb7a  __mspabi_divu                 
0000cbfa  __mspabi_func_epilog_1        
0000cbf8  __mspabi_func_epilog_2        
0000cbf6  __mspabi_func_epilog_3        
0000cbf4  __mspabi_func_epilog_4        
0000cbf2  __mspabi_func_epilog_5        
0000cbf0  __mspabi_func_epilog_6        
0000cbee  __mspabi_func_epilog_7        
0000cba4  __mspabi_mpyi                 
0000cba4  __mspabi_mpyi_sw              
0000cb7a  __mspabi_remu                 
0000cada  __mspabi_slli                 
0000cb02  __mspabi_slli_1               
0000caf0  __mspabi_slli_10              
0000caee  __mspabi_slli_11              
0000caec  __mspabi_slli_12              
0000caea  __mspabi_slli_13              
0000cae8  __mspabi_slli_14              
0000cae6  __mspabi_slli_15              
0000cb00  __mspabi_slli_2               
0000cafe  __mspabi_slli_3               
0000cafc  __mspabi_slli_4               
0000cafa  __mspabi_slli_5               
0000caf8  __mspabi_slli_6               
0000caf6  __mspabi_slli_7               
0000caf4  __mspabi_slli_8               
0000caf2  __mspabi_slli_9               
0000caae  __mspabi_srai                 
0000cad6  __mspabi_srai_1               
0000cac4  __mspabi_srai_10              
0000cac2  __mspabi_srai_11              
0000cac0  __mspabi_srai_12              
0000cabe  __mspabi_srai_13              
0000cabc  __mspabi_srai_14              
0000caba  __mspabi_srai_15              
0000cad4  __mspabi_srai_2               
0000cad2  __mspabi_srai_3               
0000cad0  __mspabi_srai_4               
0000cace  __mspabi_srai_5               
0000cacc  __mspabi_srai_6               
0000caca  __mspabi_srai_7               
0000cac8  __mspabi_srai_8               
0000cac6  __mspabi_srai_9               
0000c87a  __mspabi_srli                 
0000c8c0  __mspabi_srli_1               
0000c89c  __mspabi_srli_10              
0000c898  __mspabi_srli_11              
0000c894  __mspabi_srli_12              
0000c890  __mspabi_srli_13              
0000c88c  __mspabi_srli_14              
0000c888  __mspabi_srli_15              
0000c8bc  __mspabi_srli_2               
0000c8b8  __mspabi_srli_3               
0000c8b4  __mspabi_srli_4               
0000c8b0  __mspabi_srli_5               
0000c8ac  __mspabi_srli_6               
0000c8a8  __mspabi_srli_7               
0000c8a4  __mspabi_srli_8               
0000c8a0  __mspabi_srli_9               
0000cb2a  _c_int00_noargs               
0000fffe  _reset_vector                 
000003b0  _stack                        
0000cc3a  _system_post_cinit            
0000cc36  _system_pre_init              
0000cc30  abort                         
00000226  bet                           
0000c9d6  btnDwnState                   
0000c328  btnSelState                   
0000c994  btnUpState                    
00000230  cash                          
0000021a  flag                          
00000222  hitflag                       
00000216  i                             
0000c4c2  idle                          
0000023a  init0                         
0000023e  init1                         
00000242  init2                         
00000246  init3                         
0000024a  init4                         
0000021e  initflag                      
0000cc22  lcdClear                      
0000c604  lcdInit                       
0000ca7c  lcdSetInt                     
0000c82c  lcdSetText                    
0000cbfe  lcdTriggerEN                  
0000c8c6  lcdWriteCmd                   
0000c90c  lcdWriteData                  
0000c000  main                          
00000218  max                           
0000cb60  memccpy                       
0000cbdc  memcpy                        
0000cb90  memset                        
0000c778  play                          
00000220  playc                         
0000021c  player                        
0000c7d4  port1_ISR                     
0000c566  send                          
0000cb06  setBet                        
0000ca10  sprintf                       
00000224  state                         
00000200  string                        
0000cc0c  strlen                        
0000ca48  val                           


GLOBAL SYMBOLS: SORTED BY Symbol Address 

address   name                          
-------   ----                          
00000000  IE1                           
00000001  IE2                           
00000002  IFG1                          
00000003  IFG2                          
00000010  P3REN                         
00000018  P3IN                          
00000019  P3OUT                         
0000001a  P3DIR                         
0000001b  P3SEL                         
00000020  P1IN                          
00000021  P1OUT                         
00000022  P1DIR                         
00000023  P1IFG                         
00000024  P1IES                         
00000025  P1IE                          
00000026  P1SEL                         
00000027  P1REN                         
00000028  P2IN                          
00000029  P2OUT                         
0000002a  P2DIR                         
0000002b  P2IFG                         
0000002c  P2IES                         
0000002d  P2IE                          
0000002e  P2SEL                         
0000002f  P2REN                         
00000041  P1SEL2                        
00000042  P2SEL2                        
00000043  P3SEL2                        
00000048  ADC10DTC0                     
00000049  ADC10DTC1                     
0000004a  ADC10AE0                      
00000050  __STACK_SIZE                  
00000053  BCSCTL3                       
00000056  DCOCTL                        
00000057  BCSCTL1                       
00000058  BCSCTL2                       
0000005d  UCA0ABCTL                     
0000005e  UCA0IRTCTL                    
0000005f  UCA0IRRCTL                    
00000060  UCA0CTL0                      
00000061  UCA0CTL1                      
00000062  UCA0BR0                       
00000063  UCA0BR1                       
00000064  UCA0MCTL                      
00000065  UCA0STAT                      
00000066  UCA0RXBUF                     
00000067  UCA0TXBUF                     
00000068  UCB0CTL0                      
00000069  UCB0CTL1                      
0000006a  UCB0BR0                       
0000006b  UCB0BR1                       
0000006c  UCB0I2CIE                     
0000006d  UCB0STAT                      
0000006e  UCB0RXBUF                     
0000006f  UCB0TXBUF                     
00000118  UCB0I2COA                     
0000011a  UCB0I2CSA                     
0000011e  TA1IV                         
00000120  WDTCTL                        
00000128  FCTL1                         
0000012a  FCTL2                         
0000012c  FCTL3                         
0000012e  TA0IV                         
00000160  TA0CTL                        
00000162  TA0CCTL0                      
00000164  TA0CCTL1                      
00000166  TA0CCTL2                      
00000170  TA0R                          
00000172  TA0CCR0                       
00000174  TA0CCR1                       
00000176  TA0CCR2                       
00000180  TA1CTL                        
00000182  TA1CCTL0                      
00000184  TA1CCTL1                      
00000186  TA1CCTL2                      
00000190  TA1R                          
00000192  TA1CCR0                       
00000194  TA1CCR1                       
00000196  TA1CCR2                       
000001b0  ADC10CTL0                     
000001b2  ADC10CTL1                     
000001b4  ADC10MEM                      
000001bc  ADC10SA                       
00000200  string                        
00000216  i                             
00000218  max                           
0000021a  flag                          
0000021c  player                        
0000021e  initflag                      
00000220  playc                         
00000222  hitflag                       
00000224  state                         
00000226  bet                           
00000230  cash                          
0000023a  init0                         
0000023e  init1                         
00000242  init2                         
00000246  init3                         
0000024a  init4                         
000003b0  _stack                        
00000400  __STACK_END                   
000010c0  TLV_CHECKSUM                  
000010da  TLV_ADC10_1_TAG               
000010db  TLV_ADC10_1_LEN               
000010f6  TLV_DCO_30_TAG                
000010f7  TLV_DCO_30_LEN                
000010f8  CALDCO_16MHZ                  
000010f9  CALBC1_16MHZ                  
000010fa  CALDCO_12MHZ                  
000010fb  CALBC1_12MHZ                  
000010fc  CALDCO_8MHZ                   
000010fd  CALBC1_8MHZ                   
000010fe  CALDCO_1MHZ                   
000010ff  CALBC1_1MHZ                   
0000c000  main                          
0000c238  __TI_printfi_minimal          
0000c328  btnSelState                   
0000c4c2  idle                          
0000c566  send                          
0000c604  lcdInit                       
0000c68e  __TI_decompress_lzss          
0000c70a  USCI0RX_ISR                   
0000c778  play                          
0000c7d4  port1_ISR                     
0000c82c  lcdSetText                    
0000c87a  __mspabi_srli                 
0000c888  __mspabi_srli_15              
0000c88c  __mspabi_srli_14              
0000c890  __mspabi_srli_13              
0000c894  __mspabi_srli_12              
0000c898  __mspabi_srli_11              
0000c89c  __mspabi_srli_10              
0000c8a0  __mspabi_srli_9               
0000c8a4  __mspabi_srli_8               
0000c8a8  __mspabi_srli_7               
0000c8ac  __mspabi_srli_6               
0000c8b0  __mspabi_srli_5               
0000c8b4  __mspabi_srli_4               
0000c8b8  __mspabi_srli_3               
0000c8bc  __mspabi_srli_2               
0000c8c0  __mspabi_srli_1               
0000c8c6  lcdWriteCmd                   
0000c90c  lcdWriteData                  
0000c952  __TI_auto_init_nobinit_nopinit
0000c994  btnUpState                    
0000c9d6  btnDwnState                   
0000ca10  sprintf                       
0000ca48  val                           
0000ca7c  lcdSetInt                     
0000caae  __mspabi_srai                 
0000caba  __mspabi_srai_15              
0000cabc  __mspabi_srai_14              
0000cabe  __mspabi_srai_13              
0000cac0  __mspabi_srai_12              
0000cac2  __mspabi_srai_11              
0000cac4  __mspabi_srai_10              
0000cac6  __mspabi_srai_9               
0000cac8  __mspabi_srai_8               
0000caca  __mspabi_srai_7               
0000cacc  __mspabi_srai_6               
0000cace  __mspabi_srai_5               
0000cad0  __mspabi_srai_4               
0000cad2  __mspabi_srai_3               
0000cad4  __mspabi_srai_2               
0000cad6  __mspabi_srai_1               
0000cada  __mspabi_slli                 
0000cae6  __mspabi_slli_15              
0000cae8  __mspabi_slli_14              
0000caea  __mspabi_slli_13              
0000caec  __mspabi_slli_12              
0000caee  __mspabi_slli_11              
0000caf0  __mspabi_slli_10              
0000caf2  __mspabi_slli_9               
0000caf4  __mspabi_slli_8               
0000caf6  __mspabi_slli_7               
0000caf8  __mspabi_slli_6               
0000cafa  __mspabi_slli_5               
0000cafc  __mspabi_slli_4               
0000cafe  __mspabi_slli_3               
0000cb00  __mspabi_slli_2               
0000cb02  __mspabi_slli_1               
0000cb06  setBet                        
0000cb2a  _c_int00_noargs               
0000cb60  memccpy                       
0000cb7a  __mspabi_divu                 
0000cb7a  __mspabi_remu                 
0000cb90  memset                        
0000cba4  __mspabi_mpyi                 
0000cba4  __mspabi_mpyi_sw              
0000cbca  __TI_decompress_none          
0000cbdc  memcpy                        
0000cbee  __mspabi_func_epilog_7        
0000cbf0  __mspabi_func_epilog_6        
0000cbf2  __mspabi_func_epilog_5        
0000cbf4  __mspabi_func_epilog_4        
0000cbf6  __mspabi_func_epilog_3        
0000cbf8  __mspabi_func_epilog_2        
0000cbfa  __mspabi_func_epilog_1        
0000cbfe  lcdTriggerEN                  
0000cc0c  strlen                        
0000cc1a  __TI_ISR_TRAP                 
0000cc22  lcdClear                      
0000cc2a  USCI0TX_ISR                   
0000cc30  C$$EXIT                       
0000cc30  abort                         
0000cc36  _system_pre_init              
0000cc3a  _system_post_cinit            
0000ccd2  __TI_Handler_Table_Base       
0000ccd6  __TI_CINIT_Base               
0000ccd6  __TI_Handler_Table_Limit      
0000ccda  __TI_CINIT_Limit              
0000ffe0  __TI_int00                    
0000ffe4  __TI_int02                    
0000ffe6  __TI_int03                    
0000ffea  __TI_int05                    
0000ffec  __TI_int06                    
0000ffee  __TI_int07                    
0000fff0  __TI_int08                    
0000fff2  __TI_int09                    
0000fff4  __TI_int10                    
0000fff8  __TI_int12                    
0000fffa  __TI_int13                    
0000fffc  __TI_int14                    
0000fffe  _reset_vector                 
ffffffff  __TI_pprof_out_hndl           
ffffffff  __TI_prof_data_size           
ffffffff  __TI_prof_data_start          
ffffffff  __c_args__                    

[228 symbols]
