<?xml version="1.0" encoding="ISO-8859-1" ?>
<link_info>
   <banner>MSP430 Linker PC v18.1.4.LTS</banner>
   <copyright>Copyright (c) 2003-2018 Texas Instruments Incorporated</copyright>
   <link_time>0x5ccd8fb7</link_time>
   <link_errors>0x0</link_errors>
   <output_file>LCD.out</output_file>
   <entry_point>
      <name>_c_int00_noargs</name>
      <address>0xcb2a</address>
   </entry_point>
   <input_file_list>
      <input_file id="fl-2">
         <path>.\</path>
         <kind>object</kind>
         <file>lcdLib.obj</file>
         <name>lcdLib.obj</name>
      </input_file>
      <input_file id="fl-3">
         <path>.\</path>
         <kind>object</kind>
         <file>main2.obj</file>
         <name>main2.obj</name>
      </input_file>
      <input_file id="fl-8">
         <kind>object</kind>
         <file>&lt;internal&gt;</file>
         <name>&lt;internal&gt;</name>
      </input_file>
      <input_file id="fl-1e">
         <path>C:\ti\ccsv8\tools\compiler\ti-cgt-msp430_18.1.4.LTS\lib\</path>
         <kind>archive</kind>
         <file>rts430_eabi.lib</file>
         <name>asr16.asm.obj</name>
      </input_file>
      <input_file id="fl-1f">
         <path>C:\ti\ccsv8\tools\compiler\ti-cgt-msp430_18.1.4.LTS\lib\</path>
         <kind>archive</kind>
         <file>rts430_eabi.lib</file>
         <name>epilog.asm.obj</name>
      </input_file>
      <input_file id="fl-20">
         <path>C:\ti\ccsv8\tools\compiler\ti-cgt-msp430_18.1.4.LTS\lib\</path>
         <kind>archive</kind>
         <file>rts430_eabi.lib</file>
         <name>int00.asm.obj</name>
      </input_file>
      <input_file id="fl-21">
         <path>C:\ti\ccsv8\tools\compiler\ti-cgt-msp430_18.1.4.LTS\lib\</path>
         <kind>archive</kind>
         <file>rts430_eabi.lib</file>
         <name>int03.asm.obj</name>
      </input_file>
      <input_file id="fl-22">
         <path>C:\ti\ccsv8\tools\compiler\ti-cgt-msp430_18.1.4.LTS\lib\</path>
         <kind>archive</kind>
         <file>rts430_eabi.lib</file>
         <name>int05.asm.obj</name>
      </input_file>
      <input_file id="fl-23">
         <path>C:\ti\ccsv8\tools\compiler\ti-cgt-msp430_18.1.4.LTS\lib\</path>
         <kind>archive</kind>
         <file>rts430_eabi.lib</file>
         <name>int08.asm.obj</name>
      </input_file>
      <input_file id="fl-24">
         <path>C:\ti\ccsv8\tools\compiler\ti-cgt-msp430_18.1.4.LTS\lib\</path>
         <kind>archive</kind>
         <file>rts430_eabi.lib</file>
         <name>int09.asm.obj</name>
      </input_file>
      <input_file id="fl-25">
         <path>C:\ti\ccsv8\tools\compiler\ti-cgt-msp430_18.1.4.LTS\lib\</path>
         <kind>archive</kind>
         <file>rts430_eabi.lib</file>
         <name>int10.asm.obj</name>
      </input_file>
      <input_file id="fl-26">
         <path>C:\ti\ccsv8\tools\compiler\ti-cgt-msp430_18.1.4.LTS\lib\</path>
         <kind>archive</kind>
         <file>rts430_eabi.lib</file>
         <name>int12.asm.obj</name>
      </input_file>
      <input_file id="fl-27">
         <path>C:\ti\ccsv8\tools\compiler\ti-cgt-msp430_18.1.4.LTS\lib\</path>
         <kind>archive</kind>
         <file>rts430_eabi.lib</file>
         <name>int13.asm.obj</name>
      </input_file>
      <input_file id="fl-28">
         <path>C:\ti\ccsv8\tools\compiler\ti-cgt-msp430_18.1.4.LTS\lib\</path>
         <kind>archive</kind>
         <file>rts430_eabi.lib</file>
         <name>int14.asm.obj</name>
      </input_file>
      <input_file id="fl-29">
         <path>C:\ti\ccsv8\tools\compiler\ti-cgt-msp430_18.1.4.LTS\lib\</path>
         <kind>archive</kind>
         <file>rts430_eabi.lib</file>
         <name>isr_trap.asm.obj</name>
      </input_file>
      <input_file id="fl-2a">
         <path>C:\ti\ccsv8\tools\compiler\ti-cgt-msp430_18.1.4.LTS\lib\</path>
         <kind>archive</kind>
         <file>rts430_eabi.lib</file>
         <name>boot.c.obj</name>
      </input_file>
      <input_file id="fl-2b">
         <path>C:\ti\ccsv8\tools\compiler\ti-cgt-msp430_18.1.4.LTS\lib\</path>
         <kind>archive</kind>
         <file>rts430_eabi.lib</file>
         <name>autoinit.c.obj</name>
      </input_file>
      <input_file id="fl-2c">
         <path>C:\ti\ccsv8\tools\compiler\ti-cgt-msp430_18.1.4.LTS\lib\</path>
         <kind>archive</kind>
         <file>rts430_eabi.lib</file>
         <name>copy_zero_init.c.obj</name>
      </input_file>
      <input_file id="fl-2d">
         <path>C:\ti\ccsv8\tools\compiler\ti-cgt-msp430_18.1.4.LTS\lib\</path>
         <kind>archive</kind>
         <file>rts430_eabi.lib</file>
         <name>cpy_tbl.c.obj</name>
      </input_file>
      <input_file id="fl-2e">
         <path>C:\ti\ccsv8\tools\compiler\ti-cgt-msp430_18.1.4.LTS\lib\</path>
         <kind>archive</kind>
         <file>rts430_eabi.lib</file>
         <name>mpu_init.c.obj</name>
      </input_file>
      <input_file id="fl-2f">
         <path>C:\ti\ccsv8\tools\compiler\ti-cgt-msp430_18.1.4.LTS\lib\</path>
         <kind>archive</kind>
         <file>rts430_eabi.lib</file>
         <name>pre_init.c.obj</name>
      </input_file>
      <input_file id="fl-30">
         <path>C:\ti\ccsv8\tools\compiler\ti-cgt-msp430_18.1.4.LTS\lib\</path>
         <kind>archive</kind>
         <file>rts430_eabi.lib</file>
         <name>startup.c.obj</name>
      </input_file>
      <input_file id="fl-31">
         <path>C:\ti\ccsv8\tools\compiler\ti-cgt-msp430_18.1.4.LTS\lib\</path>
         <kind>archive</kind>
         <file>rts430_eabi.lib</file>
         <name>copy_decompress_none.c.obj</name>
      </input_file>
      <input_file id="fl-32">
         <path>C:\ti\ccsv8\tools\compiler\ti-cgt-msp430_18.1.4.LTS\lib\</path>
         <kind>archive</kind>
         <file>rts430_eabi.lib</file>
         <name>copy_decompress_lzss.c.obj</name>
      </input_file>
      <input_file id="fl-33">
         <path>C:\ti\ccsv8\tools\compiler\ti-cgt-msp430_18.1.4.LTS\lib\</path>
         <kind>archive</kind>
         <file>rts430_eabi.lib</file>
         <name>exit.c.obj</name>
      </input_file>
      <input_file id="fl-34">
         <path>C:\ti\ccsv8\tools\compiler\ti-cgt-msp430_18.1.4.LTS\lib\</path>
         <kind>archive</kind>
         <file>rts430_eabi.lib</file>
         <name>_lock.c.obj</name>
      </input_file>
      <input_file id="fl-35">
         <path>C:\ti\ccsv8\tools\compiler\ti-cgt-msp430_18.1.4.LTS\lib\</path>
         <kind>archive</kind>
         <file>rts430_eabi.lib</file>
         <name>args_main.c.obj</name>
      </input_file>
      <input_file id="fl-36">
         <path>C:\ti\ccsv8\tools\compiler\ti-cgt-msp430_18.1.4.LTS\lib\</path>
         <kind>archive</kind>
         <file>rts430_eabi.lib</file>
         <name>memcpy.c.obj</name>
      </input_file>
      <input_file id="fl-37">
         <path>C:\ti\ccsv8\tools\compiler\ti-cgt-msp430_18.1.4.LTS\lib\</path>
         <kind>archive</kind>
         <file>rts430_eabi.lib</file>
         <name>sprintf.c.obj</name>
      </input_file>
      <input_file id="fl-38">
         <path>C:\ti\ccsv8\tools\compiler\ti-cgt-msp430_18.1.4.LTS\lib\</path>
         <kind>archive</kind>
         <file>rts430_eabi.lib</file>
         <name>lsl16.asm.obj</name>
      </input_file>
      <input_file id="fl-39">
         <path>C:\ti\ccsv8\tools\compiler\ti-cgt-msp430_18.1.4.LTS\lib\</path>
         <kind>archive</kind>
         <file>rts430_eabi.lib</file>
         <name>lsr16.asm.obj</name>
      </input_file>
      <input_file id="fl-3a">
         <path>C:\ti\ccsv8\tools\compiler\ti-cgt-msp430_18.1.4.LTS\lib\</path>
         <kind>archive</kind>
         <file>rts430_eabi.lib</file>
         <name>mult16.asm.obj</name>
      </input_file>
      <input_file id="fl-3b">
         <path>C:\ti\ccsv8\tools\compiler\ti-cgt-msp430_18.1.4.LTS\lib\</path>
         <kind>archive</kind>
         <file>rts430_eabi.lib</file>
         <name>exit_gvars.c.obj</name>
      </input_file>
      <input_file id="fl-3c">
         <path>C:\ti\ccsv8\tools\compiler\ti-cgt-msp430_18.1.4.LTS\lib\</path>
         <kind>archive</kind>
         <file>rts430_eabi.lib</file>
         <name>_printfi_min.c.obj</name>
      </input_file>
      <input_file id="fl-3d">
         <path>C:\ti\ccsv8\tools\compiler\ti-cgt-msp430_18.1.4.LTS\lib\</path>
         <kind>archive</kind>
         <file>rts430_eabi.lib</file>
         <name>memccpy.c.obj</name>
      </input_file>
      <input_file id="fl-3e">
         <path>C:\ti\ccsv8\tools\compiler\ti-cgt-msp430_18.1.4.LTS\lib\</path>
         <kind>archive</kind>
         <file>rts430_eabi.lib</file>
         <name>memset.c.obj</name>
      </input_file>
      <input_file id="fl-3f">
         <path>C:\ti\ccsv8\tools\compiler\ti-cgt-msp430_18.1.4.LTS\lib\</path>
         <kind>archive</kind>
         <file>rts430_eabi.lib</file>
         <name>strlen.c.obj</name>
      </input_file>
      <input_file id="fl-40">
         <path>C:\ti\ccsv8\tools\compiler\ti-cgt-msp430_18.1.4.LTS\lib\</path>
         <kind>archive</kind>
         <file>rts430_eabi.lib</file>
         <name>div16u.asm.obj</name>
      </input_file>
      <input_file id="fl-41">
         <path>C:\ti\ccsv8\tools\compiler\ti-cgt-msp430_18.1.4.LTS\lib\</path>
         <kind>archive</kind>
         <file>rts430_eabi.lib</file>
         <name>lsr64.c.obj</name>
      </input_file>
   </input_file_list>
   <object_component_list>
      <object_component id="oc-15b">
         <name>.data:string</name>
         <load_address>0x200</load_address>
         <run_address>0x200</run_address>
         <size>0x16</size>
         <input_file_ref idref="fl-3"/>
      </object_component>
      <object_component id="oc-15e">
         <name>.data:init0</name>
         <load_address>0x23a</load_address>
         <run_address>0x23a</run_address>
         <size>0x3</size>
         <input_file_ref idref="fl-3"/>
      </object_component>
      <object_component id="oc-161">
         <name>.data:init1</name>
         <load_address>0x23e</load_address>
         <run_address>0x23e</run_address>
         <size>0x3</size>
         <input_file_ref idref="fl-3"/>
      </object_component>
      <object_component id="oc-164">
         <name>.data:init2</name>
         <load_address>0x242</load_address>
         <run_address>0x242</run_address>
         <size>0x3</size>
         <input_file_ref idref="fl-3"/>
      </object_component>
      <object_component id="oc-167">
         <name>.data:init3</name>
         <load_address>0x246</load_address>
         <run_address>0x246</run_address>
         <size>0x3</size>
         <input_file_ref idref="fl-3"/>
      </object_component>
      <object_component id="oc-16a">
         <name>.data:init4</name>
         <load_address>0x24a</load_address>
         <run_address>0x24a</run_address>
         <size>0x3</size>
         <input_file_ref idref="fl-3"/>
      </object_component>
      <object_component id="oc-158">
         <name>.data</name>
         <load_address>0x216</load_address>
         <run_address>0x216</run_address>
         <size>0x10</size>
         <input_file_ref idref="fl-3"/>
      </object_component>
      <object_component id="oc-1a6">
         <name>.data:cash</name>
         <load_address>0x230</load_address>
         <run_address>0x230</run_address>
         <size>0xa</size>
         <input_file_ref idref="fl-3"/>
      </object_component>
      <object_component id="oc-1a2">
         <name>.data:bet</name>
         <load_address>0x226</load_address>
         <run_address>0x226</run_address>
         <size>0xa</size>
         <input_file_ref idref="fl-3"/>
      </object_component>
      <object_component id="oc-ac">
         <name>.stack</name>
         <uninitialized>true</uninitialized>
         <run_address>0x3b0</run_address>
         <size>0x2</size>
         <input_file_ref idref="fl-2a"/>
      </object_component>
      <object_component id="oc-383">
         <name>.stack</name>
         <uninitialized>true</uninitialized>
         <run_address>0x3b0</run_address>
         <size>0x0</size>
      </object_component>
      <object_component id="oc-17c">
         <name>.text:main</name>
         <load_address>0xc000</load_address>
         <run_address>0xc000</run_address>
         <size>0x122</size>
         <input_file_ref idref="fl-3"/>
      </object_component>
      <object_component id="oc-2fa">
         <name>.text:_setfield</name>
         <load_address>0xc122</load_address>
         <run_address>0xc122</run_address>
         <size>0x116</size>
         <input_file_ref idref="fl-3c"/>
      </object_component>
      <object_component id="oc-2dd">
         <name>.text:__TI_printfi_minimal</name>
         <load_address>0xc238</load_address>
         <run_address>0xc238</run_address>
         <size>0xf0</size>
         <input_file_ref idref="fl-3c"/>
      </object_component>
      <object_component id="oc-144">
         <name>.text:btnSelState</name>
         <load_address>0xc328</load_address>
         <run_address>0xc328</run_address>
         <size>0xd0</size>
         <input_file_ref idref="fl-3"/>
      </object_component>
      <object_component id="oc-317">
         <name>.text:_pproc_diouxp</name>
         <load_address>0xc3f8</load_address>
         <run_address>0xc3f8</run_address>
         <size>0xca</size>
         <input_file_ref idref="fl-3c"/>
      </object_component>
      <object_component id="oc-1e1">
         <name>.text:idle</name>
         <load_address>0xc4c2</load_address>
         <run_address>0xc4c2</run_address>
         <size>0xa4</size>
         <input_file_ref idref="fl-3"/>
      </object_component>
      <object_component id="oc-1c9">
         <name>.text:send</name>
         <load_address>0xc566</load_address>
         <run_address>0xc566</run_address>
         <size>0x9e</size>
         <input_file_ref idref="fl-3"/>
      </object_component>
      <object_component id="oc-1bc">
         <name>.text:lcdInit</name>
         <load_address>0xc604</load_address>
         <run_address>0xc604</run_address>
         <size>0x8a</size>
         <input_file_ref idref="fl-2"/>
      </object_component>
      <object_component id="oc-33">
         <name>.text:decompress:lzss:__TI_decompress_lzss</name>
         <load_address>0xc68e</load_address>
         <run_address>0xc68e</run_address>
         <size>0x7c</size>
         <input_file_ref idref="fl-32"/>
      </object_component>
      <object_component id="oc-e8">
         <name>.text:USCI0RX_ISR</name>
         <load_address>0xc70a</load_address>
         <run_address>0xc70a</run_address>
         <size>0x6e</size>
         <input_file_ref idref="fl-3"/>
      </object_component>
      <object_component id="oc-1cf">
         <name>.text:play</name>
         <load_address>0xc778</load_address>
         <run_address>0xc778</run_address>
         <size>0x5c</size>
         <input_file_ref idref="fl-3"/>
      </object_component>
      <object_component id="oc-dc">
         <name>.text:port1_ISR</name>
         <load_address>0xc7d4</load_address>
         <run_address>0xc7d4</run_address>
         <size>0x58</size>
         <input_file_ref idref="fl-3"/>
      </object_component>
      <object_component id="oc-1c3">
         <name>.text:lcdSetText</name>
         <load_address>0xc82c</load_address>
         <run_address>0xc82c</run_address>
         <size>0x4e</size>
         <input_file_ref idref="fl-2"/>
      </object_component>
      <object_component id="oc-b5">
         <name>.text</name>
         <load_address>0xc87a</load_address>
         <run_address>0xc87a</run_address>
         <size>0x4c</size>
         <input_file_ref idref="fl-39"/>
      </object_component>
      <object_component id="oc-238">
         <name>.text:lcdWriteCmd</name>
         <load_address>0xc8c6</load_address>
         <run_address>0xc8c6</run_address>
         <size>0x46</size>
         <input_file_ref idref="fl-2"/>
      </object_component>
      <object_component id="oc-23f">
         <name>.text:lcdWriteData</name>
         <load_address>0xc90c</load_address>
         <run_address>0xc90c</run_address>
         <size>0x46</size>
         <input_file_ref idref="fl-2"/>
      </object_component>
      <object_component id="oc-1f4">
         <name>.text:__TI_auto_init_nobinit_nopinit:__TI_auto_init_nobinit_nopinit</name>
         <load_address>0xc952</load_address>
         <run_address>0xc952</run_address>
         <size>0x42</size>
         <input_file_ref idref="fl-2b"/>
      </object_component>
      <object_component id="oc-150">
         <name>.text:btnUpState</name>
         <load_address>0xc994</load_address>
         <run_address>0xc994</run_address>
         <size>0x42</size>
         <input_file_ref idref="fl-3"/>
      </object_component>
      <object_component id="oc-14a">
         <name>.text:btnDwnState</name>
         <load_address>0xc9d6</load_address>
         <run_address>0xc9d6</run_address>
         <size>0x3a</size>
         <input_file_ref idref="fl-3"/>
      </object_component>
      <object_component id="oc-29c">
         <name>.text:sprintf</name>
         <load_address>0xca10</load_address>
         <run_address>0xca10</run_address>
         <size>0x38</size>
         <input_file_ref idref="fl-37"/>
      </object_component>
      <object_component id="oc-1d5">
         <name>.text:val</name>
         <load_address>0xca48</load_address>
         <run_address>0xca48</run_address>
         <size>0x34</size>
         <input_file_ref idref="fl-3"/>
      </object_component>
      <object_component id="oc-250">
         <name>.text:lcdSetInt</name>
         <load_address>0xca7c</load_address>
         <run_address>0xca7c</run_address>
         <size>0x32</size>
         <input_file_ref idref="fl-2"/>
      </object_component>
      <object_component id="oc-291">
         <name>.text</name>
         <load_address>0xcaae</load_address>
         <run_address>0xcaae</run_address>
         <size>0x2c</size>
         <input_file_ref idref="fl-1e"/>
      </object_component>
      <object_component id="oc-b0">
         <name>.text</name>
         <load_address>0xcada</load_address>
         <run_address>0xcada</run_address>
         <size>0x2c</size>
         <input_file_ref idref="fl-38"/>
      </object_component>
      <object_component id="oc-1db">
         <name>.text:setBet</name>
         <load_address>0xcb06</load_address>
         <run_address>0xcb06</run_address>
         <size>0x24</size>
         <input_file_ref idref="fl-3"/>
      </object_component>
      <object_component id="oc-100">
         <name>.text:_c_int00_noargs</name>
         <load_address>0xcb2a</load_address>
         <run_address>0xcb2a</run_address>
         <size>0x1c</size>
         <input_file_ref idref="fl-2a"/>
      </object_component>
      <object_component id="oc-2d1">
         <name>.text:_outs</name>
         <load_address>0xcb46</load_address>
         <run_address>0xcb46</run_address>
         <size>0x1a</size>
         <input_file_ref idref="fl-37"/>
      </object_component>
      <object_component id="oc-31d">
         <name>.text:memccpy</name>
         <load_address>0xcb60</load_address>
         <run_address>0xcb60</run_address>
         <size>0x1a</size>
         <input_file_ref idref="fl-3d"/>
      </object_component>
      <object_component id="oc-334">
         <name>.text</name>
         <load_address>0xcb7a</load_address>
         <run_address>0xcb7a</run_address>
         <size>0x16</size>
         <input_file_ref idref="fl-40"/>
      </object_component>
      <object_component id="oc-310">
         <name>.text:memset</name>
         <load_address>0xcb90</load_address>
         <run_address>0xcb90</run_address>
         <size>0x14</size>
         <input_file_ref idref="fl-3e"/>
      </object_component>
      <object_component id="oc-2c4">
         <name>.text</name>
         <load_address>0xcba4</load_address>
         <run_address>0xcba4</run_address>
         <size>0x14</size>
         <input_file_ref idref="fl-3a"/>
      </object_component>
      <object_component id="oc-2d7">
         <name>.text:_outc</name>
         <load_address>0xcbb8</load_address>
         <run_address>0xcbb8</run_address>
         <size>0x12</size>
         <input_file_ref idref="fl-37"/>
      </object_component>
      <object_component id="oc-39">
         <name>.text:decompress:none:__TI_decompress_none</name>
         <load_address>0xcbca</load_address>
         <run_address>0xcbca</run_address>
         <size>0x12</size>
         <input_file_ref idref="fl-31"/>
      </object_component>
      <object_component id="oc-ca">
         <name>.text:memcpy</name>
         <load_address>0xcbdc</load_address>
         <run_address>0xcbdc</run_address>
         <size>0x12</size>
         <input_file_ref idref="fl-36"/>
      </object_component>
      <object_component id="oc-ba">
         <name>.text</name>
         <load_address>0xcbee</load_address>
         <run_address>0xcbee</run_address>
         <size>0x10</size>
         <input_file_ref idref="fl-1f"/>
      </object_component>
      <object_component id="oc-232">
         <name>.text:lcdTriggerEN</name>
         <load_address>0xcbfe</load_address>
         <run_address>0xcbfe</run_address>
         <size>0xe</size>
         <input_file_ref idref="fl-2"/>
      </object_component>
      <object_component id="oc-2f4">
         <name>.text:strlen</name>
         <load_address>0xcc0c</load_address>
         <run_address>0xcc0c</run_address>
         <size>0xe</size>
         <input_file_ref idref="fl-3f"/>
      </object_component>
      <object_component id="oc-d7">
         <name>.text:_isr:__TI_ISR_TRAP</name>
         <load_address>0xcc1a</load_address>
         <run_address>0xcc1a</run_address>
         <size>0x8</size>
         <input_file_ref idref="fl-29"/>
      </object_component>
      <object_component id="oc-248">
         <name>.text:lcdClear</name>
         <load_address>0xcc22</load_address>
         <run_address>0xcc22</run_address>
         <size>0x8</size>
         <input_file_ref idref="fl-2"/>
      </object_component>
      <object_component id="oc-e2">
         <name>.text:USCI0TX_ISR</name>
         <load_address>0xcc2a</load_address>
         <run_address>0xcc2a</run_address>
         <size>0x6</size>
         <input_file_ref idref="fl-3"/>
      </object_component>
      <object_component id="oc-1e8">
         <name>.text:abort</name>
         <load_address>0xcc30</load_address>
         <run_address>0xcc30</run_address>
         <size>0x6</size>
         <input_file_ref idref="fl-33"/>
      </object_component>
      <object_component id="oc-176">
         <name>.text:_system_pre_init</name>
         <load_address>0xcc36</load_address>
         <run_address>0xcc36</run_address>
         <size>0x4</size>
         <input_file_ref idref="fl-2f"/>
      </object_component>
      <object_component id="oc-26a">
         <name>.text:_system_post_cinit</name>
         <load_address>0xcc3a</load_address>
         <run_address>0xcc3a</run_address>
         <size>0x2</size>
         <input_file_ref idref="fl-30"/>
      </object_component>
      <object_component id="oc-382">
         <name>.cinit..data.load</name>
         <load_address>0xccaa</load_address>
         <run_address>0xccaa</run_address>
         <size>0x27</size>
      </object_component>
      <object_component id="oc-380">
         <name>__TI_handler_table</name>
         <load_address>0xccd2</load_address>
         <run_address>0xccd2</run_address>
         <size>0x4</size>
      </object_component>
      <object_component id="oc-381">
         <name>__TI_cinit_table</name>
         <load_address>0xccd6</load_address>
         <run_address>0xccd6</run_address>
         <size>0x4</size>
      </object_component>
      <object_component id="oc-1c2">
         <name>.const:.string</name>
         <load_address>0xcc3c</load_address>
         <run_address>0xcc3c</run_address>
         <size>0x56</size>
         <input_file_ref idref="fl-3"/>
      </object_component>
      <object_component id="oc-316">
         <name>.const:.string</name>
         <load_address>0xcc92</load_address>
         <run_address>0xcc92</run_address>
         <size>0x14</size>
         <input_file_ref idref="fl-3c"/>
      </object_component>
      <object_component id="oc-29b">
         <name>.const:.string</name>
         <load_address>0xcca6</load_address>
         <run_address>0xcca6</run_address>
         <size>0x4</size>
         <input_file_ref idref="fl-2"/>
      </object_component>
      <object_component id="oc-342">
         <name>.binit</name>
         <load_address>0xc000</load_address>
         <run_address>0xc000</run_address>
         <size>0x0</size>
      </object_component>
      <object_component id="oc-3f">
         <name>.int00</name>
         <load_address>0xffe0</load_address>
         <run_address>0xffe0</run_address>
         <size>0x2</size>
         <input_file_ref idref="fl-20"/>
      </object_component>
      <object_component id="oc-40">
         <name>.int02</name>
         <load_address>0xffe4</load_address>
         <run_address>0xffe4</run_address>
         <size>0x2</size>
         <input_file_ref idref="fl-3"/>
      </object_component>
      <object_component id="oc-41">
         <name>.int03</name>
         <load_address>0xffe6</load_address>
         <run_address>0xffe6</run_address>
         <size>0x2</size>
         <input_file_ref idref="fl-21"/>
      </object_component>
      <object_component id="oc-42">
         <name>.int05</name>
         <load_address>0xffea</load_address>
         <run_address>0xffea</run_address>
         <size>0x2</size>
         <input_file_ref idref="fl-22"/>
      </object_component>
      <object_component id="oc-43">
         <name>.int06</name>
         <load_address>0xffec</load_address>
         <run_address>0xffec</run_address>
         <size>0x2</size>
         <input_file_ref idref="fl-3"/>
      </object_component>
      <object_component id="oc-44">
         <name>.int07</name>
         <load_address>0xffee</load_address>
         <run_address>0xffee</run_address>
         <size>0x2</size>
         <input_file_ref idref="fl-3"/>
      </object_component>
      <object_component id="oc-45">
         <name>.int08</name>
         <load_address>0xfff0</load_address>
         <run_address>0xfff0</run_address>
         <size>0x2</size>
         <input_file_ref idref="fl-23"/>
      </object_component>
      <object_component id="oc-46">
         <name>.int09</name>
         <load_address>0xfff2</load_address>
         <run_address>0xfff2</run_address>
         <size>0x2</size>
         <input_file_ref idref="fl-24"/>
      </object_component>
      <object_component id="oc-47">
         <name>.int10</name>
         <load_address>0xfff4</load_address>
         <run_address>0xfff4</run_address>
         <size>0x2</size>
         <input_file_ref idref="fl-25"/>
      </object_component>
      <object_component id="oc-48">
         <name>.int12</name>
         <load_address>0xfff8</load_address>
         <run_address>0xfff8</run_address>
         <size>0x2</size>
         <input_file_ref idref="fl-26"/>
      </object_component>
      <object_component id="oc-49">
         <name>.int13</name>
         <load_address>0xfffa</load_address>
         <run_address>0xfffa</run_address>
         <size>0x2</size>
         <input_file_ref idref="fl-27"/>
      </object_component>
      <object_component id="oc-4a">
         <name>.int14</name>
         <load_address>0xfffc</load_address>
         <run_address>0xfffc</run_address>
         <size>0x2</size>
         <input_file_ref idref="fl-28"/>
      </object_component>
      <object_component id="oc-af">
         <name>.reset</name>
         <load_address>0xfffe</load_address>
         <run_address>0xfffe</run_address>
         <size>0x2</size>
         <input_file_ref idref="fl-2a"/>
      </object_component>
      <object_component id="oc-246">
         <name>.debug_info</name>
         <load_address>0x0</load_address>
         <run_address>0x0</run_address>
         <size>0x1d8</size>
         <input_file_ref idref="fl-2"/>
      </object_component>
      <object_component id="oc-233">
         <name>.debug_info</name>
         <load_address>0x1d8</load_address>
         <run_address>0x1d8</run_address>
         <size>0xfa</size>
         <input_file_ref idref="fl-2"/>
      </object_component>
      <object_component id="oc-240">
         <name>.debug_info</name>
         <load_address>0x2d2</load_address>
         <run_address>0x2d2</run_address>
         <size>0x158</size>
         <input_file_ref idref="fl-2"/>
      </object_component>
      <object_component id="oc-239">
         <name>.debug_info</name>
         <load_address>0x42a</load_address>
         <run_address>0x42a</run_address>
         <size>0x152</size>
         <input_file_ref idref="fl-2"/>
      </object_component>
      <object_component id="oc-1c4">
         <name>.debug_info</name>
         <load_address>0x57c</load_address>
         <run_address>0x57c</run_address>
         <size>0x169</size>
         <input_file_ref idref="fl-2"/>
      </object_component>
      <object_component id="oc-251">
         <name>.debug_info</name>
         <load_address>0x6e5</load_address>
         <run_address>0x6e5</run_address>
         <size>0x181</size>
         <input_file_ref idref="fl-2"/>
      </object_component>
      <object_component id="oc-1bd">
         <name>.debug_info</name>
         <load_address>0x866</load_address>
         <run_address>0x866</run_address>
         <size>0x196</size>
         <input_file_ref idref="fl-2"/>
      </object_component>
      <object_component id="oc-249">
         <name>.debug_info</name>
         <load_address>0x9fc</load_address>
         <run_address>0x9fc</run_address>
         <size>0x104</size>
         <input_file_ref idref="fl-2"/>
      </object_component>
      <object_component id="oc-22d">
         <name>.debug_info</name>
         <load_address>0xb00</load_address>
         <run_address>0xb00</run_address>
         <size>0x26b</size>
         <input_file_ref idref="fl-2"/>
      </object_component>
      <object_component id="oc-c5">
         <name>.debug_info</name>
         <load_address>0xd6b</load_address>
         <run_address>0xd6b</run_address>
         <size>0x84</size>
         <input_file_ref idref="fl-2"/>
      </object_component>
      <object_component id="oc-28b">
         <name>.debug_info</name>
         <load_address>0xdef</load_address>
         <run_address>0xdef</run_address>
         <size>0x275</size>
         <input_file_ref idref="fl-2"/>
      </object_component>
      <object_component id="oc-137">
         <name>.debug_info</name>
         <load_address>0x1064</load_address>
         <run_address>0x1064</run_address>
         <size>0x2c</size>
         <input_file_ref idref="fl-2"/>
      </object_component>
      <object_component id="oc-302">
         <name>.debug_info</name>
         <load_address>0x1090</load_address>
         <run_address>0x1090</run_address>
         <size>0x2c</size>
         <input_file_ref idref="fl-2"/>
      </object_component>
      <object_component id="oc-1ae">
         <name>.debug_info</name>
         <load_address>0x10bc</load_address>
         <run_address>0x10bc</run_address>
         <size>0x457</size>
         <input_file_ref idref="fl-3"/>
      </object_component>
      <object_component id="oc-15c">
         <name>.debug_info</name>
         <load_address>0x1513</load_address>
         <run_address>0x1513</run_address>
         <size>0xbf</size>
         <input_file_ref idref="fl-3"/>
      </object_component>
      <object_component id="oc-15f">
         <name>.debug_info</name>
         <load_address>0x15d2</load_address>
         <run_address>0x15d2</run_address>
         <size>0xbd</size>
         <input_file_ref idref="fl-3"/>
      </object_component>
      <object_component id="oc-162">
         <name>.debug_info</name>
         <load_address>0x168f</load_address>
         <run_address>0x168f</run_address>
         <size>0xbd</size>
         <input_file_ref idref="fl-3"/>
      </object_component>
      <object_component id="oc-165">
         <name>.debug_info</name>
         <load_address>0x174c</load_address>
         <run_address>0x174c</run_address>
         <size>0xbd</size>
         <input_file_ref idref="fl-3"/>
      </object_component>
      <object_component id="oc-168">
         <name>.debug_info</name>
         <load_address>0x1809</load_address>
         <run_address>0x1809</run_address>
         <size>0xbd</size>
         <input_file_ref idref="fl-3"/>
      </object_component>
      <object_component id="oc-16b">
         <name>.debug_info</name>
         <load_address>0x18c6</load_address>
         <run_address>0x18c6</run_address>
         <size>0xbd</size>
         <input_file_ref idref="fl-3"/>
      </object_component>
      <object_component id="oc-159">
         <name>.debug_info</name>
         <load_address>0x1983</load_address>
         <run_address>0x1983</run_address>
         <size>0x178</size>
         <input_file_ref idref="fl-3"/>
      </object_component>
      <object_component id="oc-1a7">
         <name>.debug_info</name>
         <load_address>0x1afb</load_address>
         <run_address>0x1afb</run_address>
         <size>0xbb</size>
         <input_file_ref idref="fl-3"/>
      </object_component>
      <object_component id="oc-1a3">
         <name>.debug_info</name>
         <load_address>0x1bb6</load_address>
         <run_address>0x1bb6</run_address>
         <size>0xb9</size>
         <input_file_ref idref="fl-3"/>
      </object_component>
      <object_component id="oc-1d6">
         <name>.debug_info</name>
         <load_address>0x1c6f</load_address>
         <run_address>0x1c6f</run_address>
         <size>0x105</size>
         <input_file_ref idref="fl-3"/>
      </object_component>
      <object_component id="oc-1dc">
         <name>.debug_info</name>
         <load_address>0x1d74</load_address>
         <run_address>0x1d74</run_address>
         <size>0x11b</size>
         <input_file_ref idref="fl-3"/>
      </object_component>
      <object_component id="oc-1ca">
         <name>.debug_info</name>
         <load_address>0x1e8f</load_address>
         <run_address>0x1e8f</run_address>
         <size>0xe7</size>
         <input_file_ref idref="fl-3"/>
      </object_component>
      <object_component id="oc-145">
         <name>.debug_info</name>
         <load_address>0x1f76</load_address>
         <run_address>0x1f76</run_address>
         <size>0xf6</size>
         <input_file_ref idref="fl-3"/>
      </object_component>
      <object_component id="oc-14b">
         <name>.debug_info</name>
         <load_address>0x206c</load_address>
         <run_address>0x206c</run_address>
         <size>0xf5</size>
         <input_file_ref idref="fl-3"/>
      </object_component>
      <object_component id="oc-151">
         <name>.debug_info</name>
         <load_address>0x2161</load_address>
         <run_address>0x2161</run_address>
         <size>0xf3</size>
         <input_file_ref idref="fl-3"/>
      </object_component>
      <object_component id="oc-dd">
         <name>.debug_info</name>
         <load_address>0x2254</load_address>
         <run_address>0x2254</run_address>
         <size>0x12a</size>
         <input_file_ref idref="fl-3"/>
      </object_component>
      <object_component id="oc-1d0">
         <name>.debug_info</name>
         <load_address>0x237e</load_address>
         <run_address>0x237e</run_address>
         <size>0x13a</size>
         <input_file_ref idref="fl-3"/>
      </object_component>
      <object_component id="oc-1e2">
         <name>.debug_info</name>
         <load_address>0x24b8</load_address>
         <run_address>0x24b8</run_address>
         <size>0x18d</size>
         <input_file_ref idref="fl-3"/>
      </object_component>
      <object_component id="oc-17d">
         <name>.debug_info</name>
         <load_address>0x2645</load_address>
         <run_address>0x2645</run_address>
         <size>0x13c</size>
         <input_file_ref idref="fl-3"/>
      </object_component>
      <object_component id="oc-e3">
         <name>.debug_info</name>
         <load_address>0x2781</load_address>
         <run_address>0x2781</run_address>
         <size>0xf9</size>
         <input_file_ref idref="fl-3"/>
      </object_component>
      <object_component id="oc-e9">
         <name>.debug_info</name>
         <load_address>0x287a</load_address>
         <run_address>0x287a</run_address>
         <size>0xf9</size>
         <input_file_ref idref="fl-3"/>
      </object_component>
      <object_component id="oc-293">
         <name>.debug_info</name>
         <load_address>0x2973</load_address>
         <run_address>0x2973</run_address>
         <size>0x123</size>
         <input_file_ref idref="fl-1e"/>
      </object_component>
      <object_component id="oc-bb">
         <name>.debug_info</name>
         <load_address>0x2a96</load_address>
         <run_address>0x2a96</run_address>
         <size>0x131</size>
         <input_file_ref idref="fl-1f"/>
      </object_component>
      <object_component id="oc-d8">
         <name>.debug_info</name>
         <load_address>0x2bc7</load_address>
         <run_address>0x2bc7</run_address>
         <size>0x112</size>
         <input_file_ref idref="fl-29"/>
      </object_component>
      <object_component id="oc-ad">
         <name>.debug_info</name>
         <load_address>0x2cd9</load_address>
         <run_address>0x2cd9</run_address>
         <size>0x100</size>
         <input_file_ref idref="fl-2a"/>
      </object_component>
      <object_component id="oc-101">
         <name>.debug_info</name>
         <load_address>0x2dd9</load_address>
         <run_address>0x2dd9</run_address>
         <size>0x17a</size>
         <input_file_ref idref="fl-2a"/>
      </object_component>
      <object_component id="oc-271">
         <name>.debug_info</name>
         <load_address>0x2f53</load_address>
         <run_address>0x2f53</run_address>
         <size>0x47d</size>
         <input_file_ref idref="fl-2b"/>
      </object_component>
      <object_component id="oc-1f5">
         <name>.debug_info</name>
         <load_address>0x33d0</load_address>
         <run_address>0x33d0</run_address>
         <size>0x1e0</size>
         <input_file_ref idref="fl-2b"/>
      </object_component>
      <object_component id="oc-2ba">
         <name>.debug_info</name>
         <load_address>0x35b0</load_address>
         <run_address>0x35b0</run_address>
         <size>0x39</size>
         <input_file_ref idref="fl-2b"/>
      </object_component>
      <object_component id="oc-2cb">
         <name>.debug_info</name>
         <load_address>0x35e9</load_address>
         <run_address>0x35e9</run_address>
         <size>0x2c</size>
         <input_file_ref idref="fl-2b"/>
      </object_component>
      <object_component id="oc-27c">
         <name>.debug_info</name>
         <load_address>0x3615</load_address>
         <run_address>0x3615</run_address>
         <size>0x2c</size>
         <input_file_ref idref="fl-2b"/>
      </object_component>
      <object_component id="oc-2bf">
         <name>.debug_info</name>
         <load_address>0x3641</load_address>
         <run_address>0x3641</run_address>
         <size>0xcd</size>
         <input_file_ref idref="fl-2b"/>
      </object_component>
      <object_component id="oc-177">
         <name>.debug_info</name>
         <load_address>0x370e</load_address>
         <run_address>0x370e</run_address>
         <size>0x153</size>
         <input_file_ref idref="fl-2f"/>
      </object_component>
      <object_component id="oc-26e">
         <name>.debug_info</name>
         <load_address>0x3861</load_address>
         <run_address>0x3861</run_address>
         <size>0x150</size>
         <input_file_ref idref="fl-30"/>
      </object_component>
      <object_component id="oc-d6">
         <name>.debug_info</name>
         <load_address>0x39b1</load_address>
         <run_address>0x39b1</run_address>
         <size>0x180</size>
         <input_file_ref idref="fl-31"/>
      </object_component>
      <object_component id="oc-3c">
         <name>.debug_info</name>
         <load_address>0x3b31</load_address>
         <run_address>0x3b31</run_address>
         <size>0x1ea</size>
         <input_file_ref idref="fl-31"/>
      </object_component>
      <object_component id="oc-d1">
         <name>.debug_info</name>
         <load_address>0x3d1b</load_address>
         <run_address>0x3d1b</run_address>
         <size>0x46</size>
         <input_file_ref idref="fl-31"/>
      </object_component>
      <object_component id="oc-13c">
         <name>.debug_info</name>
         <load_address>0x3d61</load_address>
         <run_address>0x3d61</run_address>
         <size>0x2c</size>
         <input_file_ref idref="fl-31"/>
      </object_component>
      <object_component id="oc-134">
         <name>.debug_info</name>
         <load_address>0x3d8d</load_address>
         <run_address>0x3d8d</run_address>
         <size>0x176</size>
         <input_file_ref idref="fl-32"/>
      </object_component>
      <object_component id="oc-36">
         <name>.debug_info</name>
         <load_address>0x3f03</load_address>
         <run_address>0x3f03</run_address>
         <size>0x292</size>
         <input_file_ref idref="fl-32"/>
      </object_component>
      <object_component id="oc-c0">
         <name>.debug_info</name>
         <load_address>0x4195</load_address>
         <run_address>0x4195</run_address>
         <size>0x60</size>
         <input_file_ref idref="fl-32"/>
      </object_component>
      <object_component id="oc-198">
         <name>.debug_info</name>
         <load_address>0x41f5</load_address>
         <run_address>0x41f5</run_address>
         <size>0x46</size>
         <input_file_ref idref="fl-32"/>
      </object_component>
      <object_component id="oc-12f">
         <name>.debug_info</name>
         <load_address>0x423b</load_address>
         <run_address>0x423b</run_address>
         <size>0x39</size>
         <input_file_ref idref="fl-32"/>
      </object_component>
      <object_component id="oc-1eb">
         <name>.debug_info</name>
         <load_address>0x4274</load_address>
         <run_address>0x4274</run_address>
         <size>0x122</size>
         <input_file_ref idref="fl-33"/>
      </object_component>
      <object_component id="oc-136">
         <name>.debug_info</name>
         <load_address>0x4396</load_address>
         <run_address>0x4396</run_address>
         <size>0x181</size>
         <input_file_ref idref="fl-36"/>
      </object_component>
      <object_component id="oc-cd">
         <name>.debug_info</name>
         <load_address>0x4517</load_address>
         <run_address>0x4517</run_address>
         <size>0x17a</size>
         <input_file_ref idref="fl-36"/>
      </object_component>
      <object_component id="oc-2e4">
         <name>.debug_info</name>
         <load_address>0x4691</load_address>
         <run_address>0x4691</run_address>
         <size>0x20b</size>
         <input_file_ref idref="fl-37"/>
      </object_component>
      <object_component id="oc-29d">
         <name>.debug_info</name>
         <load_address>0x489c</load_address>
         <run_address>0x489c</run_address>
         <size>0x1c2</size>
         <input_file_ref idref="fl-37"/>
      </object_component>
      <object_component id="oc-2d4">
         <name>.debug_info</name>
         <load_address>0x4a5e</load_address>
         <run_address>0x4a5e</run_address>
         <size>0x198</size>
         <input_file_ref idref="fl-37"/>
      </object_component>
      <object_component id="oc-2d8">
         <name>.debug_info</name>
         <load_address>0x4bf6</load_address>
         <run_address>0x4bf6</run_address>
         <size>0x16d</size>
         <input_file_ref idref="fl-37"/>
      </object_component>
      <object_component id="oc-326">
         <name>.debug_info</name>
         <load_address>0x4d63</load_address>
         <run_address>0x4d63</run_address>
         <size>0x2c</size>
         <input_file_ref idref="fl-37"/>
      </object_component>
      <object_component id="oc-b1">
         <name>.debug_info</name>
         <load_address>0x4d8f</load_address>
         <run_address>0x4d8f</run_address>
         <size>0x123</size>
         <input_file_ref idref="fl-38"/>
      </object_component>
      <object_component id="oc-b8">
         <name>.debug_info</name>
         <load_address>0x4eb2</load_address>
         <run_address>0x4eb2</run_address>
         <size>0x123</size>
         <input_file_ref idref="fl-39"/>
      </object_component>
      <object_component id="oc-2c5">
         <name>.debug_info</name>
         <load_address>0x4fd5</load_address>
         <run_address>0x4fd5</run_address>
         <size>0x124</size>
         <input_file_ref idref="fl-3a"/>
      </object_component>
      <object_component id="oc-301">
         <name>.debug_info</name>
         <load_address>0x50f9</load_address>
         <run_address>0x50f9</run_address>
         <size>0x3a2</size>
         <input_file_ref idref="fl-3c"/>
      </object_component>
      <object_component id="oc-319">
         <name>.debug_info</name>
         <load_address>0x549b</load_address>
         <run_address>0x549b</run_address>
         <size>0x2c7</size>
         <input_file_ref idref="fl-3c"/>
      </object_component>
      <object_component id="oc-2fc">
         <name>.debug_info</name>
         <load_address>0x5762</load_address>
         <run_address>0x5762</run_address>
         <size>0x28f</size>
         <input_file_ref idref="fl-3c"/>
      </object_component>
      <object_component id="oc-2df">
         <name>.debug_info</name>
         <load_address>0x59f1</load_address>
         <run_address>0x59f1</run_address>
         <size>0x307</size>
         <input_file_ref idref="fl-3c"/>
      </object_component>
      <object_component id="oc-307">
         <name>.debug_info</name>
         <load_address>0x5cf8</load_address>
         <run_address>0x5cf8</run_address>
         <size>0x86</size>
         <input_file_ref idref="fl-3c"/>
      </object_component>
      <object_component id="oc-32b">
         <name>.debug_info</name>
         <load_address>0x5d7e</load_address>
         <run_address>0x5d7e</run_address>
         <size>0x39</size>
         <input_file_ref idref="fl-3c"/>
      </object_component>
      <object_component id="oc-33b">
         <name>.debug_info</name>
         <load_address>0x5db7</load_address>
         <run_address>0x5db7</run_address>
         <size>0x16e</size>
         <input_file_ref idref="fl-3d"/>
      </object_component>
      <object_component id="oc-321">
         <name>.debug_info</name>
         <load_address>0x5f25</load_address>
         <run_address>0x5f25</run_address>
         <size>0x1b6</size>
         <input_file_ref idref="fl-3d"/>
      </object_component>
      <object_component id="oc-333">
         <name>.debug_info</name>
         <load_address>0x60db</load_address>
         <run_address>0x60db</run_address>
         <size>0x16d</size>
         <input_file_ref idref="fl-3e"/>
      </object_component>
      <object_component id="oc-313">
         <name>.debug_info</name>
         <load_address>0x6248</load_address>
         <run_address>0x6248</run_address>
         <size>0x27b</size>
         <input_file_ref idref="fl-3e"/>
      </object_component>
      <object_component id="oc-30f">
         <name>.debug_info</name>
         <load_address>0x64c3</load_address>
         <run_address>0x64c3</run_address>
         <size>0x162</size>
         <input_file_ref idref="fl-3f"/>
      </object_component>
      <object_component id="oc-2f5">
         <name>.debug_info</name>
         <load_address>0x6625</load_address>
         <run_address>0x6625</run_address>
         <size>0x236</size>
         <input_file_ref idref="fl-3f"/>
      </object_component>
      <object_component id="oc-335">
         <name>.debug_info</name>
         <load_address>0x685b</load_address>
         <run_address>0x685b</run_address>
         <size>0x124</size>
         <input_file_ref idref="fl-40"/>
      </object_component>
      <object_component id="oc-384">
         <name>.debug_info</name>
         <load_address>0x697f</load_address>
         <run_address>0x697f</run_address>
         <size>0x94</size>
      </object_component>
      <object_component id="oc-299">
         <name>.debug_line</name>
         <load_address>0x0</load_address>
         <run_address>0x0</run_address>
         <size>0x9c</size>
         <input_file_ref idref="fl-2"/>
      </object_component>
      <object_component id="oc-236">
         <name>.debug_line</name>
         <load_address>0x9c</load_address>
         <run_address>0x9c</run_address>
         <size>0x43</size>
         <input_file_ref idref="fl-2"/>
      </object_component>
      <object_component id="oc-243">
         <name>.debug_line</name>
         <load_address>0xdf</load_address>
         <run_address>0xdf</run_address>
         <size>0x49</size>
         <input_file_ref idref="fl-2"/>
      </object_component>
      <object_component id="oc-23d">
         <name>.debug_line</name>
         <load_address>0x128</load_address>
         <run_address>0x128</run_address>
         <size>0x49</size>
         <input_file_ref idref="fl-2"/>
      </object_component>
      <object_component id="oc-1c7">
         <name>.debug_line</name>
         <load_address>0x171</load_address>
         <run_address>0x171</run_address>
         <size>0x5d</size>
         <input_file_ref idref="fl-2"/>
      </object_component>
      <object_component id="oc-255">
         <name>.debug_line</name>
         <load_address>0x1ce</load_address>
         <run_address>0x1ce</run_address>
         <size>0x46</size>
         <input_file_ref idref="fl-2"/>
      </object_component>
      <object_component id="oc-1c0">
         <name>.debug_line</name>
         <load_address>0x214</load_address>
         <run_address>0x214</run_address>
         <size>0x52</size>
         <input_file_ref idref="fl-2"/>
      </object_component>
      <object_component id="oc-24c">
         <name>.debug_line</name>
         <load_address>0x266</load_address>
         <run_address>0x266</run_address>
         <size>0x45</size>
         <input_file_ref idref="fl-2"/>
      </object_component>
      <object_component id="oc-230">
         <name>.debug_line</name>
         <load_address>0x2ab</load_address>
         <run_address>0x2ab</run_address>
         <size>0x6c</size>
         <input_file_ref idref="fl-2"/>
      </object_component>
      <object_component id="oc-c8">
         <name>.debug_line</name>
         <load_address>0x317</load_address>
         <run_address>0x317</run_address>
         <size>0x20</size>
         <input_file_ref idref="fl-2"/>
      </object_component>
      <object_component id="oc-28e">
         <name>.debug_line</name>
         <load_address>0x337</load_address>
         <run_address>0x337</run_address>
         <size>0x70</size>
         <input_file_ref idref="fl-2"/>
      </object_component>
      <object_component id="oc-13a">
         <name>.debug_line</name>
         <load_address>0x3a7</load_address>
         <run_address>0x3a7</run_address>
         <size>0x68</size>
         <input_file_ref idref="fl-2"/>
      </object_component>
      <object_component id="oc-305">
         <name>.debug_line</name>
         <load_address>0x40f</load_address>
         <run_address>0x40f</run_address>
         <size>0x68</size>
         <input_file_ref idref="fl-2"/>
      </object_component>
      <object_component id="oc-22c">
         <name>.debug_line</name>
         <load_address>0x477</load_address>
         <run_address>0x477</run_address>
         <size>0x64</size>
         <input_file_ref idref="fl-3"/>
      </object_component>
      <object_component id="oc-1ad">
         <name>.debug_line</name>
         <load_address>0x4db</load_address>
         <run_address>0x4db</run_address>
         <size>0x2e</size>
         <input_file_ref idref="fl-3"/>
      </object_component>
      <object_component id="oc-1b0">
         <name>.debug_line</name>
         <load_address>0x509</load_address>
         <run_address>0x509</run_address>
         <size>0x2e</size>
         <input_file_ref idref="fl-3"/>
      </object_component>
      <object_component id="oc-1b2">
         <name>.debug_line</name>
         <load_address>0x537</load_address>
         <run_address>0x537</run_address>
         <size>0x2e</size>
         <input_file_ref idref="fl-3"/>
      </object_component>
      <object_component id="oc-1b4">
         <name>.debug_line</name>
         <load_address>0x565</load_address>
         <run_address>0x565</run_address>
         <size>0x2e</size>
         <input_file_ref idref="fl-3"/>
      </object_component>
      <object_component id="oc-1b6">
         <name>.debug_line</name>
         <load_address>0x593</load_address>
         <run_address>0x593</run_address>
         <size>0x2e</size>
         <input_file_ref idref="fl-3"/>
      </object_component>
      <object_component id="oc-1b8">
         <name>.debug_line</name>
         <load_address>0x5c1</load_address>
         <run_address>0x5c1</run_address>
         <size>0x2e</size>
         <input_file_ref idref="fl-3"/>
      </object_component>
      <object_component id="oc-1ab">
         <name>.debug_line</name>
         <load_address>0x5ef</load_address>
         <run_address>0x5ef</run_address>
         <size>0x2e</size>
         <input_file_ref idref="fl-3"/>
      </object_component>
      <object_component id="oc-22a">
         <name>.debug_line</name>
         <load_address>0x61d</load_address>
         <run_address>0x61d</run_address>
         <size>0x2e</size>
         <input_file_ref idref="fl-3"/>
      </object_component>
      <object_component id="oc-228">
         <name>.debug_line</name>
         <load_address>0x64b</load_address>
         <run_address>0x64b</run_address>
         <size>0x2e</size>
         <input_file_ref idref="fl-3"/>
      </object_component>
      <object_component id="oc-1d9">
         <name>.debug_line</name>
         <load_address>0x679</load_address>
         <run_address>0x679</run_address>
         <size>0x4d</size>
         <input_file_ref idref="fl-3"/>
      </object_component>
      <object_component id="oc-1df">
         <name>.debug_line</name>
         <load_address>0x6c6</load_address>
         <run_address>0x6c6</run_address>
         <size>0x46</size>
         <input_file_ref idref="fl-3"/>
      </object_component>
      <object_component id="oc-1cd">
         <name>.debug_line</name>
         <load_address>0x70c</load_address>
         <run_address>0x70c</run_address>
         <size>0x7c</size>
         <input_file_ref idref="fl-3"/>
      </object_component>
      <object_component id="oc-149">
         <name>.debug_line</name>
         <load_address>0x788</load_address>
         <run_address>0x788</run_address>
         <size>0x84</size>
         <input_file_ref idref="fl-3"/>
      </object_component>
      <object_component id="oc-14f">
         <name>.debug_line</name>
         <load_address>0x80c</load_address>
         <run_address>0x80c</run_address>
         <size>0x54</size>
         <input_file_ref idref="fl-3"/>
      </object_component>
      <object_component id="oc-154">
         <name>.debug_line</name>
         <load_address>0x860</load_address>
         <run_address>0x860</run_address>
         <size>0x54</size>
         <input_file_ref idref="fl-3"/>
      </object_component>
      <object_component id="oc-e1">
         <name>.debug_line</name>
         <load_address>0x8b4</load_address>
         <run_address>0x8b4</run_address>
         <size>0x57</size>
         <input_file_ref idref="fl-3"/>
      </object_component>
      <object_component id="oc-1d3">
         <name>.debug_line</name>
         <load_address>0x90b</load_address>
         <run_address>0x90b</run_address>
         <size>0x57</size>
         <input_file_ref idref="fl-3"/>
      </object_component>
      <object_component id="oc-1e5">
         <name>.debug_line</name>
         <load_address>0x962</load_address>
         <run_address>0x962</run_address>
         <size>0x62</size>
         <input_file_ref idref="fl-3"/>
      </object_component>
      <object_component id="oc-180">
         <name>.debug_line</name>
         <load_address>0x9c4</load_address>
         <run_address>0x9c4</run_address>
         <size>0x86</size>
         <input_file_ref idref="fl-3"/>
      </object_component>
      <object_component id="oc-e6">
         <name>.debug_line</name>
         <load_address>0xa4a</load_address>
         <run_address>0xa4a</run_address>
         <size>0x44</size>
         <input_file_ref idref="fl-3"/>
      </object_component>
      <object_component id="oc-ed">
         <name>.debug_line</name>
         <load_address>0xa8e</load_address>
         <run_address>0xa8e</run_address>
         <size>0x55</size>
         <input_file_ref idref="fl-3"/>
      </object_component>
      <object_component id="oc-292">
         <name>.debug_line</name>
         <load_address>0xae3</load_address>
         <run_address>0xae3</run_address>
         <size>0x4e</size>
         <input_file_ref idref="fl-1e"/>
      </object_component>
      <object_component id="oc-be">
         <name>.debug_line</name>
         <load_address>0xb31</load_address>
         <run_address>0xb31</run_address>
         <size>0x40</size>
         <input_file_ref idref="fl-1f"/>
      </object_component>
      <object_component id="oc-db">
         <name>.debug_line</name>
         <load_address>0xb71</load_address>
         <run_address>0xb71</run_address>
         <size>0x3d</size>
         <input_file_ref idref="fl-29"/>
      </object_component>
      <object_component id="oc-12b">
         <name>.debug_line</name>
         <load_address>0xbae</load_address>
         <run_address>0xbae</run_address>
         <size>0x2a</size>
         <input_file_ref idref="fl-2a"/>
      </object_component>
      <object_component id="oc-105">
         <name>.debug_line</name>
         <load_address>0xbd8</load_address>
         <run_address>0xbd8</run_address>
         <size>0x46</size>
         <input_file_ref idref="fl-2a"/>
      </object_component>
      <object_component id="oc-2b9">
         <name>.debug_line</name>
         <load_address>0xc1e</load_address>
         <run_address>0xc1e</run_address>
         <size>0xc2</size>
         <input_file_ref idref="fl-2b"/>
      </object_component>
      <object_component id="oc-1f8">
         <name>.debug_line</name>
         <load_address>0xce0</load_address>
         <run_address>0xce0</run_address>
         <size>0x76</size>
         <input_file_ref idref="fl-2b"/>
      </object_component>
      <object_component id="oc-2bd">
         <name>.debug_line</name>
         <load_address>0xd56</load_address>
         <run_address>0xd56</run_address>
         <size>0x2e</size>
         <input_file_ref idref="fl-2b"/>
      </object_component>
      <object_component id="oc-2ce">
         <name>.debug_line</name>
         <load_address>0xd84</load_address>
         <run_address>0xd84</run_address>
         <size>0x9d</size>
         <input_file_ref idref="fl-2b"/>
      </object_component>
      <object_component id="oc-27f">
         <name>.debug_line</name>
         <load_address>0xe21</load_address>
         <run_address>0xe21</run_address>
         <size>0x9a</size>
         <input_file_ref idref="fl-2b"/>
      </object_component>
      <object_component id="oc-2c2">
         <name>.debug_line</name>
         <load_address>0xebb</load_address>
         <run_address>0xebb</run_address>
         <size>0x96</size>
         <input_file_ref idref="fl-2b"/>
      </object_component>
      <object_component id="oc-17a">
         <name>.debug_line</name>
         <load_address>0xf51</load_address>
         <run_address>0xf51</run_address>
         <size>0x3e</size>
         <input_file_ref idref="fl-2f"/>
      </object_component>
      <object_component id="oc-26b">
         <name>.debug_line</name>
         <load_address>0xf8f</load_address>
         <run_address>0xf8f</run_address>
         <size>0x3a</size>
         <input_file_ref idref="fl-30"/>
      </object_component>
      <object_component id="oc-142">
         <name>.debug_line</name>
         <load_address>0xfc9</load_address>
         <run_address>0xfc9</run_address>
         <size>0x20</size>
         <input_file_ref idref="fl-31"/>
      </object_component>
      <object_component id="oc-3a">
         <name>.debug_line</name>
         <load_address>0xfe9</load_address>
         <run_address>0xfe9</run_address>
         <size>0x50</size>
         <input_file_ref idref="fl-31"/>
      </object_component>
      <object_component id="oc-d4">
         <name>.debug_line</name>
         <load_address>0x1039</load_address>
         <run_address>0x1039</run_address>
         <size>0x3a</size>
         <input_file_ref idref="fl-31"/>
      </object_component>
      <object_component id="oc-13f">
         <name>.debug_line</name>
         <load_address>0x1073</load_address>
         <run_address>0x1073</run_address>
         <size>0x95</size>
         <input_file_ref idref="fl-31"/>
      </object_component>
      <object_component id="oc-19e">
         <name>.debug_line</name>
         <load_address>0x1108</load_address>
         <run_address>0x1108</run_address>
         <size>0x20</size>
         <input_file_ref idref="fl-32"/>
      </object_component>
      <object_component id="oc-34">
         <name>.debug_line</name>
         <load_address>0x1128</load_address>
         <run_address>0x1128</run_address>
         <size>0x92</size>
         <input_file_ref idref="fl-32"/>
      </object_component>
      <object_component id="oc-c3">
         <name>.debug_line</name>
         <load_address>0x11ba</load_address>
         <run_address>0x11ba</run_address>
         <size>0x3a</size>
         <input_file_ref idref="fl-32"/>
      </object_component>
      <object_component id="oc-19b">
         <name>.debug_line</name>
         <load_address>0x11f4</load_address>
         <run_address>0x11f4</run_address>
         <size>0x9d</size>
         <input_file_ref idref="fl-32"/>
      </object_component>
      <object_component id="oc-132">
         <name>.debug_line</name>
         <load_address>0x1291</load_address>
         <run_address>0x1291</run_address>
         <size>0x99</size>
         <input_file_ref idref="fl-32"/>
      </object_component>
      <object_component id="oc-1ea">
         <name>.debug_line</name>
         <load_address>0x132a</load_address>
         <run_address>0x132a</run_address>
         <size>0x3d</size>
         <input_file_ref idref="fl-33"/>
      </object_component>
      <object_component id="oc-1a0">
         <name>.debug_line</name>
         <load_address>0x1367</load_address>
         <run_address>0x1367</run_address>
         <size>0x20</size>
         <input_file_ref idref="fl-36"/>
      </object_component>
      <object_component id="oc-cf">
         <name>.debug_line</name>
         <load_address>0x1387</load_address>
         <run_address>0x1387</run_address>
         <size>0x42</size>
         <input_file_ref idref="fl-36"/>
      </object_component>
      <object_component id="oc-30d">
         <name>.debug_line</name>
         <load_address>0x13c9</load_address>
         <run_address>0x13c9</run_address>
         <size>0x2d</size>
         <input_file_ref idref="fl-37"/>
      </object_component>
      <object_component id="oc-2a0">
         <name>.debug_line</name>
         <load_address>0x13f6</load_address>
         <run_address>0x13f6</run_address>
         <size>0x47</size>
         <input_file_ref idref="fl-37"/>
      </object_component>
      <object_component id="oc-2d2">
         <name>.debug_line</name>
         <load_address>0x143d</load_address>
         <run_address>0x143d</run_address>
         <size>0x42</size>
         <input_file_ref idref="fl-37"/>
      </object_component>
      <object_component id="oc-2db">
         <name>.debug_line</name>
         <load_address>0x147f</load_address>
         <run_address>0x147f</run_address>
         <size>0x3d</size>
         <input_file_ref idref="fl-37"/>
      </object_component>
      <object_component id="oc-329">
         <name>.debug_line</name>
         <load_address>0x14bc</load_address>
         <run_address>0x14bc</run_address>
         <size>0x94</size>
         <input_file_ref idref="fl-37"/>
      </object_component>
      <object_component id="oc-b4">
         <name>.debug_line</name>
         <load_address>0x1550</load_address>
         <run_address>0x1550</run_address>
         <size>0x4e</size>
         <input_file_ref idref="fl-38"/>
      </object_component>
      <object_component id="oc-b6">
         <name>.debug_line</name>
         <load_address>0x159e</load_address>
         <run_address>0x159e</run_address>
         <size>0x5e</size>
         <input_file_ref idref="fl-39"/>
      </object_component>
      <object_component id="oc-2c8">
         <name>.debug_line</name>
         <load_address>0x15fc</load_address>
         <run_address>0x15fc</run_address>
         <size>0x42</size>
         <input_file_ref idref="fl-3a"/>
      </object_component>
      <object_component id="oc-325">
         <name>.debug_line</name>
         <load_address>0x163e</load_address>
         <run_address>0x163e</run_address>
         <size>0xa3</size>
         <input_file_ref idref="fl-3c"/>
      </object_component>
      <object_component id="oc-318">
         <name>.debug_line</name>
         <load_address>0x16e1</load_address>
         <run_address>0x16e1</run_address>
         <size>0x127</size>
         <input_file_ref idref="fl-3c"/>
      </object_component>
      <object_component id="oc-2fb">
         <name>.debug_line</name>
         <load_address>0x1808</load_address>
         <run_address>0x1808</run_address>
         <size>0x97</size>
         <input_file_ref idref="fl-3c"/>
      </object_component>
      <object_component id="oc-2de">
         <name>.debug_line</name>
         <load_address>0x189f</load_address>
         <run_address>0x189f</run_address>
         <size>0xa1</size>
         <input_file_ref idref="fl-3c"/>
      </object_component>
      <object_component id="oc-30a">
         <name>.debug_line</name>
         <load_address>0x1940</load_address>
         <run_address>0x1940</run_address>
         <size>0x95</size>
         <input_file_ref idref="fl-3c"/>
      </object_component>
      <object_component id="oc-32e">
         <name>.debug_line</name>
         <load_address>0x19d5</load_address>
         <run_address>0x19d5</run_address>
         <size>0x2e</size>
         <input_file_ref idref="fl-3c"/>
      </object_component>
      <object_component id="oc-340">
         <name>.debug_line</name>
         <load_address>0x1a03</load_address>
         <run_address>0x1a03</run_address>
         <size>0x20</size>
         <input_file_ref idref="fl-3d"/>
      </object_component>
      <object_component id="oc-31e">
         <name>.debug_line</name>
         <load_address>0x1a23</load_address>
         <run_address>0x1a23</run_address>
         <size>0x48</size>
         <input_file_ref idref="fl-3d"/>
      </object_component>
      <object_component id="oc-33d">
         <name>.debug_line</name>
         <load_address>0x1a6b</load_address>
         <run_address>0x1a6b</run_address>
         <size>0x20</size>
         <input_file_ref idref="fl-3e"/>
      </object_component>
      <object_component id="oc-315">
         <name>.debug_line</name>
         <load_address>0x1a8b</load_address>
         <run_address>0x1a8b</run_address>
         <size>0xb1</size>
         <input_file_ref idref="fl-3e"/>
      </object_component>
      <object_component id="oc-331">
         <name>.debug_line</name>
         <load_address>0x1b3c</load_address>
         <run_address>0x1b3c</run_address>
         <size>0x20</size>
         <input_file_ref idref="fl-3f"/>
      </object_component>
      <object_component id="oc-2f8">
         <name>.debug_line</name>
         <load_address>0x1b5c</load_address>
         <run_address>0x1b5c</run_address>
         <size>0xaf</size>
         <input_file_ref idref="fl-3f"/>
      </object_component>
      <object_component id="oc-338">
         <name>.debug_line</name>
         <load_address>0x1c0b</load_address>
         <run_address>0x1c0b</run_address>
         <size>0x43</size>
         <input_file_ref idref="fl-40"/>
      </object_component>
      <object_component id="oc-237">
         <name>.debug_frame</name>
         <load_address>0x0</load_address>
         <run_address>0x0</run_address>
         <size>0x3c</size>
         <input_file_ref idref="fl-2"/>
      </object_component>
      <object_component id="oc-244">
         <name>.debug_frame</name>
         <load_address>0x3c</load_address>
         <run_address>0x3c</run_address>
         <size>0x3c</size>
         <input_file_ref idref="fl-2"/>
      </object_component>
      <object_component id="oc-23c">
         <name>.debug_frame</name>
         <load_address>0x78</load_address>
         <run_address>0x78</run_address>
         <size>0x3c</size>
         <input_file_ref idref="fl-2"/>
      </object_component>
      <object_component id="oc-1c8">
         <name>.debug_frame</name>
         <load_address>0xb4</load_address>
         <run_address>0xb4</run_address>
         <size>0x3c</size>
         <input_file_ref idref="fl-2"/>
      </object_component>
      <object_component id="oc-254">
         <name>.debug_frame</name>
         <load_address>0xf0</load_address>
         <run_address>0xf0</run_address>
         <size>0x4c</size>
         <input_file_ref idref="fl-2"/>
      </object_component>
      <object_component id="oc-1c1">
         <name>.debug_frame</name>
         <load_address>0x13c</load_address>
         <run_address>0x13c</run_address>
         <size>0x40</size>
         <input_file_ref idref="fl-2"/>
      </object_component>
      <object_component id="oc-24d">
         <name>.debug_frame</name>
         <load_address>0x17c</load_address>
         <run_address>0x17c</run_address>
         <size>0x3c</size>
         <input_file_ref idref="fl-2"/>
      </object_component>
      <object_component id="oc-1da">
         <name>.debug_frame</name>
         <load_address>0x1b8</load_address>
         <run_address>0x1b8</run_address>
         <size>0x3c</size>
         <input_file_ref idref="fl-3"/>
      </object_component>
      <object_component id="oc-1e0">
         <name>.debug_frame</name>
         <load_address>0x1f4</load_address>
         <run_address>0x1f4</run_address>
         <size>0x3c</size>
         <input_file_ref idref="fl-3"/>
      </object_component>
      <object_component id="oc-1ce">
         <name>.debug_frame</name>
         <load_address>0x230</load_address>
         <run_address>0x230</run_address>
         <size>0x40</size>
         <input_file_ref idref="fl-3"/>
      </object_component>
      <object_component id="oc-148">
         <name>.debug_frame</name>
         <load_address>0x270</load_address>
         <run_address>0x270</run_address>
         <size>0x40</size>
         <input_file_ref idref="fl-3"/>
      </object_component>
      <object_component id="oc-14e">
         <name>.debug_frame</name>
         <load_address>0x2b0</load_address>
         <run_address>0x2b0</run_address>
         <size>0x3c</size>
         <input_file_ref idref="fl-3"/>
      </object_component>
      <object_component id="oc-155">
         <name>.debug_frame</name>
         <load_address>0x2ec</load_address>
         <run_address>0x2ec</run_address>
         <size>0x3c</size>
         <input_file_ref idref="fl-3"/>
      </object_component>
      <object_component id="oc-e0">
         <name>.debug_frame</name>
         <load_address>0x328</load_address>
         <run_address>0x328</run_address>
         <size>0x64</size>
         <input_file_ref idref="fl-3"/>
      </object_component>
      <object_component id="oc-1d4">
         <name>.debug_frame</name>
         <load_address>0x38c</load_address>
         <run_address>0x38c</run_address>
         <size>0x3c</size>
         <input_file_ref idref="fl-3"/>
      </object_component>
      <object_component id="oc-1e6">
         <name>.debug_frame</name>
         <load_address>0x3c8</load_address>
         <run_address>0x3c8</run_address>
         <size>0x40</size>
         <input_file_ref idref="fl-3"/>
      </object_component>
      <object_component id="oc-181">
         <name>.debug_frame</name>
         <load_address>0x408</load_address>
         <run_address>0x408</run_address>
         <size>0x40</size>
         <input_file_ref idref="fl-3"/>
      </object_component>
      <object_component id="oc-e7">
         <name>.debug_frame</name>
         <load_address>0x448</load_address>
         <run_address>0x448</run_address>
         <size>0x3c</size>
         <input_file_ref idref="fl-3"/>
      </object_component>
      <object_component id="oc-ec">
         <name>.debug_frame</name>
         <load_address>0x484</load_address>
         <run_address>0x484</run_address>
         <size>0x4c</size>
         <input_file_ref idref="fl-3"/>
      </object_component>
      <object_component id="oc-104">
         <name>.debug_frame</name>
         <load_address>0x4d0</load_address>
         <run_address>0x4d0</run_address>
         <size>0x34</size>
         <input_file_ref idref="fl-2a"/>
      </object_component>
      <object_component id="oc-1f9">
         <name>.debug_frame</name>
         <load_address>0x504</load_address>
         <run_address>0x504</run_address>
         <size>0x44</size>
         <input_file_ref idref="fl-2b"/>
      </object_component>
      <object_component id="oc-17b">
         <name>.debug_frame</name>
         <load_address>0x548</load_address>
         <run_address>0x548</run_address>
         <size>0x3c</size>
         <input_file_ref idref="fl-2f"/>
      </object_component>
      <object_component id="oc-26c">
         <name>.debug_frame</name>
         <load_address>0x584</load_address>
         <run_address>0x584</run_address>
         <size>0x3c</size>
         <input_file_ref idref="fl-30"/>
      </object_component>
      <object_component id="oc-3b">
         <name>.debug_frame</name>
         <load_address>0x5c0</load_address>
         <run_address>0x5c0</run_address>
         <size>0x3c</size>
         <input_file_ref idref="fl-31"/>
      </object_component>
      <object_component id="oc-35">
         <name>.debug_frame</name>
         <load_address>0x5fc</load_address>
         <run_address>0x5fc</run_address>
         <size>0x48</size>
         <input_file_ref idref="fl-32"/>
      </object_component>
      <object_component id="oc-1e9">
         <name>.debug_frame</name>
         <load_address>0x644</load_address>
         <run_address>0x644</run_address>
         <size>0x3c</size>
         <input_file_ref idref="fl-33"/>
      </object_component>
      <object_component id="oc-cb">
         <name>.debug_frame</name>
         <load_address>0x680</load_address>
         <run_address>0x680</run_address>
         <size>0x3c</size>
         <input_file_ref idref="fl-36"/>
      </object_component>
      <object_component id="oc-2a1">
         <name>.debug_frame</name>
         <load_address>0x6bc</load_address>
         <run_address>0x6bc</run_address>
         <size>0x40</size>
         <input_file_ref idref="fl-37"/>
      </object_component>
      <object_component id="oc-2d3">
         <name>.debug_frame</name>
         <load_address>0x6fc</load_address>
         <run_address>0x6fc</run_address>
         <size>0x44</size>
         <input_file_ref idref="fl-37"/>
      </object_component>
      <object_component id="oc-2dc">
         <name>.debug_frame</name>
         <load_address>0x740</load_address>
         <run_address>0x740</run_address>
         <size>0x3c</size>
         <input_file_ref idref="fl-37"/>
      </object_component>
      <object_component id="oc-31c">
         <name>.debug_frame</name>
         <load_address>0x77c</load_address>
         <run_address>0x77c</run_address>
         <size>0x4c</size>
         <input_file_ref idref="fl-3c"/>
      </object_component>
      <object_component id="oc-2ff">
         <name>.debug_frame</name>
         <load_address>0x7c8</load_address>
         <run_address>0x7c8</run_address>
         <size>0x5c</size>
         <input_file_ref idref="fl-3c"/>
      </object_component>
      <object_component id="oc-2e2">
         <name>.debug_frame</name>
         <load_address>0x824</load_address>
         <run_address>0x824</run_address>
         <size>0x64</size>
         <input_file_ref idref="fl-3c"/>
      </object_component>
      <object_component id="oc-320">
         <name>.debug_frame</name>
         <load_address>0x888</load_address>
         <run_address>0x888</run_address>
         <size>0x3c</size>
         <input_file_ref idref="fl-3d"/>
      </object_component>
      <object_component id="oc-311">
         <name>.debug_frame</name>
         <load_address>0x8c4</load_address>
         <run_address>0x8c4</run_address>
         <size>0x3c</size>
         <input_file_ref idref="fl-3e"/>
      </object_component>
      <object_component id="oc-2f9">
         <name>.debug_frame</name>
[...]
         <value>0xffffffff</value>
      </symbol>
      <symbol id="sm-f4">
         <name>lcdSetText</name>
         <value>0xc82c</value>
         <object_component_ref idref="oc-1c3"/>
      </symbol>
      <symbol id="sm-f5">
         <name>lcdWriteData</name>
         <value>0xc90c</value>
         <object_component_ref idref="oc-23f"/>
      </symbol>
      <symbol id="sm-f6">
         <name>lcdSetInt</name>
         <value>0xca7c</value>
         <object_component_ref idref="oc-250"/>
      </symbol>
      <symbol id="sm-f7">
         <name>lcdClear</name>
         <value>0xcc22</value>
         <object_component_ref idref="oc-248"/>
      </symbol>
      <symbol id="sm-f8">
         <name>lcdInit</name>
         <value>0xc604</value>
         <object_component_ref idref="oc-1bc"/>
      </symbol>
      <symbol id="sm-f9">
         <name>lcdTriggerEN</name>
         <value>0xcbfe</value>
         <object_component_ref idref="oc-232"/>
      </symbol>
      <symbol id="sm-fa">
         <name>lcdWriteCmd</name>
         <value>0xc8c6</value>
         <object_component_ref idref="oc-238"/>
      </symbol>
      <symbol id="sm-1c5">
         <name>cash</name>
         <value>0x230</value>
         <object_component_ref idref="oc-1a6"/>
      </symbol>
      <symbol id="sm-1c6">
         <name>btnSelState</name>
         <value>0xc328</value>
         <object_component_ref idref="oc-144"/>
      </symbol>
      <symbol id="sm-1c7">
         <name>USCI0RX_ISR</name>
         <value>0xc70a</value>
         <object_component_ref idref="oc-e8"/>
      </symbol>
      <symbol id="sm-1c8">
         <name>USCI0TX_ISR</name>
         <value>0xcc2a</value>
         <object_component_ref idref="oc-e2"/>
      </symbol>
      <symbol id="sm-1c9">
         <name>play</name>
         <value>0xc778</value>
         <object_component_ref idref="oc-1cf"/>
      </symbol>
      <symbol id="sm-1ca">
         <name>__TI_int06</name>
         <value>0xffec</value>
         <object_component_ref idref="oc-43"/>
      </symbol>
      <symbol id="sm-1cb">
         <name>__TI_int07</name>
         <value>0xffee</value>
         <object_component_ref idref="oc-44"/>
      </symbol>
      <symbol id="sm-1cc">
         <name>__TI_int02</name>
         <value>0xffe4</value>
         <object_component_ref idref="oc-40"/>
      </symbol>
      <symbol id="sm-1cd">
         <name>send</name>
         <value>0xc566</value>
         <object_component_ref idref="oc-1c9"/>
      </symbol>
      <symbol id="sm-1ce">
         <name>btnUpState</name>
         <value>0xc994</value>
         <object_component_ref idref="oc-150"/>
      </symbol>
      <symbol id="sm-1cf">
         <name>playc</name>
         <value>0x220</value>
         <object_component_ref idref="oc-158"/>
      </symbol>
      <symbol id="sm-1d0">
         <name>state</name>
         <value>0x224</value>
         <object_component_ref idref="oc-158"/>
      </symbol>
      <symbol id="sm-1d1">
         <name>idle</name>
         <value>0xc4c2</value>
         <object_component_ref idref="oc-1e1"/>
      </symbol>
      <symbol id="sm-1d2">
         <name>i</name>
         <value>0x216</value>
         <object_component_ref idref="oc-158"/>
      </symbol>
      <symbol id="sm-1d3">
         <name>hitflag</name>
         <value>0x222</value>
         <object_component_ref idref="oc-158"/>
      </symbol>
      <symbol id="sm-1d4">
         <name>val</name>
         <value>0xca48</value>
         <object_component_ref idref="oc-1d5"/>
      </symbol>
      <symbol id="sm-1d5">
         <name>player</name>
         <value>0x21c</value>
         <object_component_ref idref="oc-158"/>
      </symbol>
      <symbol id="sm-1d6">
         <name>port1_ISR</name>
         <value>0xc7d4</value>
         <object_component_ref idref="oc-dc"/>
      </symbol>
      <symbol id="sm-1d7">
         <name>setBet</name>
         <value>0xcb06</value>
         <object_component_ref idref="oc-1db"/>
      </symbol>
      <symbol id="sm-1d8">
         <name>btnDwnState</name>
         <value>0xc9d6</value>
         <object_component_ref idref="oc-14a"/>
      </symbol>
      <symbol id="sm-1d9">
         <name>main</name>
         <value>0xc000</value>
         <object_component_ref idref="oc-17c"/>
      </symbol>
      <symbol id="sm-1da">
         <name>initflag</name>
         <value>0x21e</value>
         <object_component_ref idref="oc-158"/>
      </symbol>
      <symbol id="sm-1db">
         <name>init1</name>
         <value>0x23e</value>
         <object_component_ref idref="oc-161"/>
      </symbol>
      <symbol id="sm-1dc">
         <name>init0</name>
         <value>0x23a</value>
         <object_component_ref idref="oc-15e"/>
      </symbol>
      <symbol id="sm-1dd">
         <name>init3</name>
         <value>0x246</value>
         <object_component_ref idref="oc-167"/>
      </symbol>
      <symbol id="sm-1de">
         <name>init2</name>
         <value>0x242</value>
         <object_component_ref idref="oc-164"/>
      </symbol>
      <symbol id="sm-1df">
         <name>init4</name>
         <value>0x24a</value>
         <object_component_ref idref="oc-16a"/>
      </symbol>
      <symbol id="sm-1e0">
         <name>string</name>
         <value>0x200</value>
         <object_component_ref idref="oc-15b"/>
      </symbol>
      <symbol id="sm-1e1">
         <name>bet</name>
         <value>0x226</value>
         <object_component_ref idref="oc-1a2"/>
      </symbol>
      <symbol id="sm-1e2">
         <name>max</name>
         <value>0x218</value>
         <object_component_ref idref="oc-158"/>
      </symbol>
      <symbol id="sm-1e3">
         <name>flag</name>
         <value>0x21a</value>
         <object_component_ref idref="oc-158"/>
      </symbol>
      <symbol id="sm-1eb">
         <name>__mspabi_srai</name>
         <value>0xcaae</value>
         <object_component_ref idref="oc-291"/>
      </symbol>
      <symbol id="sm-1ec">
         <name>__mspabi_srai_8</name>
         <value>0xcac8</value>
         <object_component_ref idref="oc-291"/>
      </symbol>
      <symbol id="sm-1ed">
         <name>__mspabi_srai_9</name>
         <value>0xcac6</value>
         <object_component_ref idref="oc-291"/>
      </symbol>
      <symbol id="sm-1ee">
         <name>__mspabi_srai_6</name>
         <value>0xcacc</value>
         <object_component_ref idref="oc-291"/>
      </symbol>
      <symbol id="sm-1ef">
         <name>__mspabi_srai_7</name>
         <value>0xcaca</value>
         <object_component_ref idref="oc-291"/>
      </symbol>
      <symbol id="sm-1f0">
         <name>__mspabi_srai_4</name>
         <value>0xcad0</value>
         <object_component_ref idref="oc-291"/>
      </symbol>
      <symbol id="sm-1f1">
         <name>__mspabi_srai_5</name>
         <value>0xcace</value>
         <object_component_ref idref="oc-291"/>
      </symbol>
      <symbol id="sm-1f2">
         <name>__mspabi_srai_2</name>
         <value>0xcad4</value>
         <object_component_ref idref="oc-291"/>
      </symbol>
      <symbol id="sm-1f3">
         <name>__mspabi_srai_3</name>
         <value>0xcad2</value>
         <object_component_ref idref="oc-291"/>
      </symbol>
      <symbol id="sm-1f4">
         <name>__mspabi_srai_1</name>
         <value>0xcad6</value>
         <object_component_ref idref="oc-291"/>
      </symbol>
      <symbol id="sm-1f5">
         <name>__mspabi_srai_15</name>
         <value>0xcaba</value>
         <object_component_ref idref="oc-291"/>
      </symbol>
      <symbol id="sm-1f6">
         <name>__mspabi_srai_14</name>
         <value>0xcabc</value>
         <object_component_ref idref="oc-291"/>
      </symbol>
      <symbol id="sm-1f7">
         <name>__mspabi_srai_13</name>
         <value>0xcabe</value>
         <object_component_ref idref="oc-291"/>
      </symbol>
      <symbol id="sm-1f8">
         <name>__mspabi_srai_12</name>
         <value>0xcac0</value>
         <object_component_ref idref="oc-291"/>
      </symbol>
      <symbol id="sm-1f9">
         <name>__mspabi_srai_11</name>
         <value>0xcac2</value>
         <object_component_ref idref="oc-291"/>
      </symbol>
      <symbol id="sm-1fa">
         <name>__mspabi_srai_10</name>
         <value>0xcac4</value>
         <object_component_ref idref="oc-291"/>
      </symbol>
      <symbol id="sm-203">
         <name>__mspabi_func_epilog_2</name>
         <value>0xcbf8</value>
         <object_component_ref idref="oc-ba"/>
      </symbol>
      <symbol id="sm-204">
         <name>__mspabi_func_epilog_3</name>
         <value>0xcbf6</value>
         <object_component_ref idref="oc-ba"/>
      </symbol>
      <symbol id="sm-205">
         <name>__mspabi_func_epilog_1</name>
         <value>0xcbfa</value>
         <object_component_ref idref="oc-ba"/>
      </symbol>
      <symbol id="sm-206">
         <name>__mspabi_func_epilog_6</name>
         <value>0xcbf0</value>
         <object_component_ref idref="oc-ba"/>
      </symbol>
      <symbol id="sm-207">
         <name>__mspabi_func_epilog_7</name>
         <value>0xcbee</value>
         <object_component_ref idref="oc-ba"/>
      </symbol>
      <symbol id="sm-208">
         <name>__mspabi_func_epilog_4</name>
         <value>0xcbf4</value>
         <object_component_ref idref="oc-ba"/>
      </symbol>
      <symbol id="sm-209">
         <name>__mspabi_func_epilog_5</name>
         <value>0xcbf2</value>
         <object_component_ref idref="oc-ba"/>
      </symbol>
      <symbol id="sm-20c">
         <name>__TI_int00</name>
         <value>0xffe0</value>
         <object_component_ref idref="oc-3f"/>
      </symbol>
      <symbol id="sm-20f">
         <name>__TI_int03</name>
         <value>0xffe6</value>
         <object_component_ref idref="oc-41"/>
      </symbol>
      <symbol id="sm-212">
         <name>__TI_int05</name>
         <value>0xffea</value>
         <object_component_ref idref="oc-42"/>
      </symbol>
      <symbol id="sm-215">
         <name>__TI_int08</name>
         <value>0xfff0</value>
         <object_component_ref idref="oc-45"/>
      </symbol>
      <symbol id="sm-218">
         <name>__TI_int09</name>
         <value>0xfff2</value>
         <object_component_ref idref="oc-46"/>
      </symbol>
      <symbol id="sm-21b">
         <name>__TI_int10</name>
         <value>0xfff4</value>
         <object_component_ref idref="oc-47"/>
      </symbol>
      <symbol id="sm-21e">
         <name>__TI_int12</name>
         <value>0xfff8</value>
         <object_component_ref idref="oc-48"/>
      </symbol>
      <symbol id="sm-221">
         <name>__TI_int13</name>
         <value>0xfffa</value>
         <object_component_ref idref="oc-49"/>
      </symbol>
      <symbol id="sm-224">
         <name>__TI_int14</name>
         <value>0xfffc</value>
         <object_component_ref idref="oc-4a"/>
      </symbol>
      <symbol id="sm-22c">
         <name>__TI_ISR_TRAP</name>
         <value>0xcc1a</value>
         <object_component_ref idref="oc-d7"/>
      </symbol>
      <symbol id="sm-23c">
         <name>_stack</name>
         <value>0x3b0</value>
         <object_component_ref idref="oc-ac"/>
      </symbol>
      <symbol id="sm-23d">
         <name>_c_int00_noargs</name>
         <value>0xcb2a</value>
         <object_component_ref idref="oc-100"/>
      </symbol>
      <symbol id="sm-23e">
         <name>_reset_vector</name>
         <value>0xfffe</value>
         <object_component_ref idref="oc-af"/>
      </symbol>
      <symbol id="sm-260">
         <name>__TI_auto_init_nobinit_nopinit</name>
         <value>0xc952</value>
         <object_component_ref idref="oc-1f4"/>
      </symbol>
      <symbol id="sm-26c">
         <name>_system_pre_init</name>
         <value>0xcc36</value>
         <object_component_ref idref="oc-176"/>
      </symbol>
      <symbol id="sm-275">
         <name>_system_post_cinit</name>
         <value>0xcc3a</value>
         <object_component_ref idref="oc-26a"/>
      </symbol>
      <symbol id="sm-28b">
         <name>__TI_decompress_none</name>
         <value>0xcbca</value>
         <object_component_ref idref="oc-39"/>
      </symbol>
      <symbol id="sm-2ae">
         <name>__TI_decompress_lzss</name>
         <value>0xc68e</value>
         <object_component_ref idref="oc-33"/>
      </symbol>
      <symbol id="sm-2b8">
         <name>C$$EXIT</name>
         <value>0xcc30</value>
         <object_component_ref idref="oc-1e8"/>
      </symbol>
      <symbol id="sm-2b9">
         <name>abort</name>
         <value>0xcc30</value>
         <object_component_ref idref="oc-1e8"/>
      </symbol>
      <symbol id="sm-2c9">
         <name>memcpy</name>
         <value>0xcbdc</value>
         <object_component_ref idref="oc-ca"/>
      </symbol>
      <symbol id="sm-2ea">
         <name>sprintf</name>
         <value>0xca10</value>
         <object_component_ref idref="oc-29c"/>
      </symbol>
      <symbol id="sm-2f2">
         <name>__mspabi_slli</name>
         <value>0xcada</value>
         <object_component_ref idref="oc-b0"/>
      </symbol>
      <symbol id="sm-2f3">
         <name>__mspabi_slli_9</name>
         <value>0xcaf2</value>
         <object_component_ref idref="oc-b0"/>
      </symbol>
      <symbol id="sm-2f4">
         <name>__mspabi_slli_8</name>
         <value>0xcaf4</value>
         <object_component_ref idref="oc-b0"/>
      </symbol>
      <symbol id="sm-2f5">
         <name>__mspabi_slli_7</name>
         <value>0xcaf6</value>
         <object_component_ref idref="oc-b0"/>
      </symbol>
      <symbol id="sm-2f6">
         <name>__mspabi_slli_6</name>
         <value>0xcaf8</value>
         <object_component_ref idref="oc-b0"/>
      </symbol>
      <symbol id="sm-2f7">
         <name>__mspabi_slli_5</name>
         <value>0xcafa</value>
         <object_component_ref idref="oc-b0"/>
      </symbol>
      <symbol id="sm-2f8">
         <name>__mspabi_slli_4</name>
         <value>0xcafc</value>
         <object_component_ref idref="oc-b0"/>
      </symbol>
      <symbol id="sm-2f9">
         <name>__mspabi_slli_3</name>
         <value>0xcafe</value>
         <object_component_ref idref="oc-b0"/>
      </symbol>
      <symbol id="sm-2fa">
         <name>__mspabi_slli_2</name>
         <value>0xcb00</value>
         <object_component_ref idref="oc-b0"/>
      </symbol>
      <symbol id="sm-2fb">
         <name>__mspabi_slli_1</name>
         <value>0xcb02</value>
         <object_component_ref idref="oc-b0"/>
      </symbol>
      <symbol id="sm-2fc">
         <name>__mspabi_slli_15</name>
         <value>0xcae6</value>
         <object_component_ref idref="oc-b0"/>
      </symbol>
      <symbol id="sm-2fd">
         <name>__mspabi_slli_14</name>
         <value>0xcae8</value>
         <object_component_ref idref="oc-b0"/>
      </symbol>
      <symbol id="sm-2fe">
         <name>__mspabi_slli_13</name>
         <value>0xcaea</value>
         <object_component_ref idref="oc-b0"/>
      </symbol>
      <symbol id="sm-2ff">
         <name>__mspabi_slli_12</name>
         <value>0xcaec</value>
         <object_component_ref idref="oc-b0"/>
      </symbol>
      <symbol id="sm-300">
         <name>__mspabi_slli_11</name>
         <value>0xcaee</value>
         <object_component_ref idref="oc-b0"/>
      </symbol>
      <symbol id="sm-301">
         <name>__mspabi_slli_10</name>
         <value>0xcaf0</value>
         <object_component_ref idref="oc-b0"/>
      </symbol>
      <symbol id="sm-309">
         <name>__mspabi_srli_8</name>
         <value>0xc8a4</value>
         <object_component_ref idref="oc-b5"/>
      </symbol>
      <symbol id="sm-30a">
         <name>__mspabi_srli_9</name>
         <value>0xc8a0</value>
         <object_component_ref idref="oc-b5"/>
      </symbol>
      <symbol id="sm-30b">
         <name>__mspabi_srli_6</name>
         <value>0xc8ac</value>
         <object_component_ref idref="oc-b5"/>
      </symbol>
      <symbol id="sm-30c">
         <name>__mspabi_srli_7</name>
         <value>0xc8a8</value>
         <object_component_ref idref="oc-b5"/>
      </symbol>
      <symbol id="sm-30d">
         <name>__mspabi_srli_4</name>
         <value>0xc8b4</value>
         <object_component_ref idref="oc-b5"/>
      </symbol>
      <symbol id="sm-30e">
         <name>__mspabi_srli_5</name>
         <value>0xc8b0</value>
         <object_component_ref idref="oc-b5"/>
      </symbol>
      <symbol id="sm-30f">
         <name>__mspabi_srli_2</name>
         <value>0xc8bc</value>
         <object_component_ref idref="oc-b5"/>
      </symbol>
      <symbol id="sm-310">
         <name>__mspabi_srli_3</name>
         <value>0xc8b8</value>
         <object_component_ref idref="oc-b5"/>
      </symbol>
      <symbol id="sm-311">
         <name>__mspabi_srli_1</name>
         <value>0xc8c0</value>
         <object_component_ref idref="oc-b5"/>
      </symbol>
      <symbol id="sm-312">
         <name>__mspabi_srli</name>
         <value>0xc87a</value>
         <object_component_ref idref="oc-b5"/>
      </symbol>
      <symbol id="sm-313">
         <name>__mspabi_srli_15</name>
         <value>0xc888</value>
         <object_component_ref idref="oc-b5"/>
      </symbol>
      <symbol id="sm-314">
         <name>__mspabi_srli_14</name>
         <value>0xc88c</value>
         <object_component_ref idref="oc-b5"/>
      </symbol>
      <symbol id="sm-315">
         <name>__mspabi_srli_13</name>
         <value>0xc890</value>
         <object_component_ref idref="oc-b5"/>
      </symbol>
      <symbol id="sm-316">
         <name>__mspabi_srli_12</name>
         <value>0xc894</value>
         <object_component_ref idref="oc-b5"/>
      </symbol>
      <symbol id="sm-317">
         <name>__mspabi_srli_11</name>
         <value>0xc898</value>
         <object_component_ref idref="oc-b5"/>
      </symbol>
      <symbol id="sm-318">
         <name>__mspabi_srli_10</name>
         <value>0xc89c</value>
         <object_component_ref idref="oc-b5"/>
      </symbol>
      <symbol id="sm-322">
         <name>__mspabi_mpyi_sw</name>
         <value>0xcba4</value>
         <object_component_ref idref="oc-2c4"/>
      </symbol>
      <symbol id="sm-323">
         <name>__mspabi_mpyi</name>
         <value>0xcba4</value>
         <object_component_ref idref="oc-2c4"/>
      </symbol>
      <symbol id="sm-36d">
         <name>__TI_printfi_minimal</name>
         <value>0xc238</value>
         <object_component_ref idref="oc-2dd"/>
      </symbol>
      <symbol id="sm-37c">
         <name>memccpy</name>
         <value>0xcb60</value>
         <object_component_ref idref="oc-31d"/>
      </symbol>
      <symbol id="sm-38a">
         <name>memset</name>
         <value>0xcb90</value>
         <object_component_ref idref="oc-310"/>
      </symbol>
      <symbol id="sm-397">
         <name>strlen</name>
         <value>0xcc0c</value>
         <object_component_ref idref="oc-2f4"/>
      </symbol>
      <symbol id="sm-3a1">
         <name>__mspabi_remu</name>
         <value>0xcb7a</value>
         <object_component_ref idref="oc-334"/>
      </symbol>
      <symbol id="sm-3a2">
         <name>__mspabi_divu</name>
         <value>0xcb7a</value>
         <object_component_ref idref="oc-334"/>
      </symbol>
   </symbol_table>
   <title>Link successful</title>
</link_info>
